[2023-06-04T12:20:40.296+0200][0.010s] CardTable entry size: 512
[2023-06-04T12:20:40.296+0200][0.011s] Using G1
[2023-06-04T12:20:40.407+0200][0.121s] Version: 20.0.1+9-29 (release)
[2023-06-04T12:20:40.407+0200][0.121s] CPUs: 12 total, 12 available
[2023-06-04T12:20:40.407+0200][0.121s] Memory: 32716M
[2023-06-04T12:20:40.407+0200][0.121s] Large Page Support: Disabled
[2023-06-04T12:20:40.407+0200][0.121s] NUMA Support: Disabled
[2023-06-04T12:20:40.407+0200][0.121s] Compressed Oops: Enabled (32-bit)
[2023-06-04T12:20:40.407+0200][0.121s] Heap Region Size: 1M
[2023-06-04T12:20:40.407+0200][0.121s] Heap Min Capacity: 512M
[2023-06-04T12:20:40.407+0200][0.121s] Heap Initial Capacity: 512M
[2023-06-04T12:20:40.407+0200][0.121s] Heap Max Capacity: 512M
[2023-06-04T12:20:40.407+0200][0.122s] Pre-touch: Enabled
[2023-06-04T12:20:40.407+0200][0.122s] Parallel Workers: 10
[2023-06-04T12:20:40.407+0200][0.122s] Concurrent Workers: 3
[2023-06-04T12:20:40.407+0200][0.122s] Concurrent Refinement Workers: 10
[2023-06-04T12:20:40.407+0200][0.122s] Periodic GC: Disabled
[2023-06-04T12:20:40.408+0200][0.122s] CDS archive(s) mapped at: [0x0000000800000000-0x0000000800c60000-0x0000000800c60000), size 12976128, SharedBaseAddress: 0x0000000800000000, ArchiveRelocationMode: 0.
[2023-06-04T12:20:40.408+0200][0.122s] Compressed class space mapped at: 0x0000000801000000-0x0000000841000000, reserved size: 1073741824
[2023-06-04T12:20:40.408+0200][0.122s] Narrow klass base: 0x0000000800000000, Narrow klass shift: 0, Narrow klass range: 0x100000000
[2023-06-04T12:20:40.996+0200][0.711s] GC(0) Pause Young (Normal) (G1 Evacuation Pause)
[2023-06-04T12:20:40.997+0200][0.712s] GC(0) Using 10 workers of 10 for evacuation
[2023-06-04T12:20:41.001+0200][0.715s] GC(0)   Pre Evacuate Collection Set: 0.1ms
[2023-06-04T12:20:41.001+0200][0.715s] GC(0)   Merge Heap Roots: 0.0ms
[2023-06-04T12:20:41.001+0200][0.715s] GC(0)   Evacuate Collection Set: 3.0ms
[2023-06-04T12:20:41.001+0200][0.715s] GC(0)   Post Evacuate Collection Set: 0.4ms
[2023-06-04T12:20:41.001+0200][0.715s] GC(0)   Other: 0.9ms
[2023-06-04T12:20:41.001+0200][0.715s] GC(0) Eden regions: 29->0(39)
[2023-06-04T12:20:41.001+0200][0.715s] GC(0) Survivor regions: 0->4(4)
[2023-06-04T12:20:41.001+0200][0.715s] GC(0) Old regions: 0->2
[2023-06-04T12:20:41.001+0200][0.716s] GC(0) Archive regions: 0->0
[2023-06-04T12:20:41.001+0200][0.716s] GC(0) Humongous regions: 0->0
[2023-06-04T12:20:41.001+0200][0.716s] GC(0) Metaspace: 10288K(10560K)->10288K(10560K) NonClass: 9089K(9216K)->9089K(9216K) Class: 1198K(1344K)->1198K(1344K)
[2023-06-04T12:20:41.001+0200][0.716s] GC(0) Pause Young (Normal) (G1 Evacuation Pause) 29M->5M(512M) 4.727ms
[2023-06-04T12:20:41.001+0200][0.716s] GC(0) User=0.00s Sys=0.00s Real=0.00s
[2023-06-04T12:20:41.658+0200][1.373s] GC(1) Pause Young (Normal) (G1 Evacuation Pause)
[2023-06-04T12:20:41.658+0200][1.373s] GC(1) Using 10 workers of 10 for evacuation
[2023-06-04T12:20:41.663+0200][1.378s] GC(1)   Pre Evacuate Collection Set: 0.1ms
[2023-06-04T12:20:41.663+0200][1.378s] GC(1)   Merge Heap Roots: 0.0ms
[2023-06-04T12:20:41.663+0200][1.378s] GC(1)   Evacuate Collection Set: 4.1ms
[2023-06-04T12:20:41.663+0200][1.378s] GC(1)   Post Evacuate Collection Set: 0.4ms
[2023-06-04T12:20:41.663+0200][1.378s] GC(1)   Other: 0.1ms
[2023-06-04T12:20:41.663+0200][1.378s] GC(1) Eden regions: 39->0(183)
[2023-06-04T12:20:41.663+0200][1.378s] GC(1) Survivor regions: 4->6(6)
[2023-06-04T12:20:41.663+0200][1.378s] GC(1) Old regions: 2->9
[2023-06-04T12:20:41.663+0200][1.378s] GC(1) Archive regions: 0->0
[2023-06-04T12:20:41.663+0200][1.378s] GC(1) Humongous regions: 4->4
[2023-06-04T12:20:41.663+0200][1.378s] GC(1) Metaspace: 18588K(19008K)->18588K(19008K) NonClass: 16463K(16704K)->16463K(16704K) Class: 2125K(2304K)->2125K(2304K)
[2023-06-04T12:20:41.663+0200][1.378s] GC(1) Pause Young (Normal) (G1 Evacuation Pause) 48M->18M(512M) 4.987ms
[2023-06-04T12:20:41.663+0200][1.378s] GC(1) User=0.00s Sys=0.00s Real=0.01s
[2023-06-04T12:20:42.543+0200][2.258s] GC(2) Pause Young (Concurrent Start) (Metadata GC Threshold)
[2023-06-04T12:20:42.543+0200][2.258s] GC(2) Using 10 workers of 10 for evacuation
[2023-06-04T12:20:42.547+0200][2.262s] GC(2)   Pre Evacuate Collection Set: 0.1ms
[2023-06-04T12:20:42.547+0200][2.262s] GC(2)   Merge Heap Roots: 0.0ms
[2023-06-04T12:20:42.547+0200][2.262s] GC(2)   Evacuate Collection Set: 3.0ms
[2023-06-04T12:20:42.547+0200][2.262s] GC(2)   Post Evacuate Collection Set: 0.5ms
[2023-06-04T12:20:42.547+0200][2.262s] GC(2)   Other: 0.1ms
[2023-06-04T12:20:42.547+0200][2.262s] GC(2) Eden regions: 94->0(146)
[2023-06-04T12:20:42.547+0200][2.262s] GC(2) Survivor regions: 6->22(23)
[2023-06-04T12:20:42.547+0200][2.262s] GC(2) Old regions: 9->9
[2023-06-04T12:20:42.547+0200][2.262s] GC(2) Archive regions: 0->0
[2023-06-04T12:20:42.547+0200][2.262s] GC(2) Humongous regions: 6->5
[2023-06-04T12:20:42.547+0200][2.262s] GC(2) Metaspace: 21090K(21504K)->21090K(21504K) NonClass: 18715K(18944K)->18715K(18944K) Class: 2374K(2560K)->2374K(2560K)
[2023-06-04T12:20:42.547+0200][2.262s] GC(2) Pause Young (Concurrent Start) (Metadata GC Threshold) 114M->34M(512M) 4.116ms
[2023-06-04T12:20:42.547+0200][2.262s] GC(3) Concurrent Mark Cycle
[2023-06-04T12:20:42.547+0200][2.262s] GC(2) User=0.00s Sys=0.00s Real=0.00s
[2023-06-04T12:20:42.547+0200][2.262s] GC(3) Concurrent Scan Root Regions
[2023-06-04T12:20:42.549+0200][2.264s] GC(3) Concurrent Scan Root Regions 2.018ms
[2023-06-04T12:20:42.549+0200][2.264s] GC(3) Concurrent Mark
[2023-06-04T12:20:42.549+0200][2.264s] GC(3) Concurrent Mark From Roots
[2023-06-04T12:20:42.549+0200][2.264s] GC(3) Using 3 workers of 3 for marking
[2023-06-04T12:20:42.554+0200][2.269s] GC(3) Concurrent Mark From Roots 4.491ms
[2023-06-04T12:20:42.554+0200][2.269s] GC(3) Concurrent Preclean
[2023-06-04T12:20:42.554+0200][2.269s] GC(3) Concurrent Preclean 0.042ms
[2023-06-04T12:20:42.554+0200][2.269s] GC(3) Pause Remark
[2023-06-04T12:20:42.555+0200][2.270s] GC(3) Pause Remark 36M->36M(512M) 1.294ms
[2023-06-04T12:20:42.555+0200][2.270s] GC(3) User=0.00s Sys=0.00s Real=0.00s
[2023-06-04T12:20:42.555+0200][2.270s] GC(3) Concurrent Mark 6.016ms
[2023-06-04T12:20:42.555+0200][2.270s] GC(3) Concurrent Rebuild Remembered Sets and Scrub Regions
[2023-06-04T12:20:42.557+0200][2.272s] GC(3) Concurrent Rebuild Remembered Sets and Scrub Regions 2.271ms
[2023-06-04T12:20:42.557+0200][2.273s] GC(3) Pause Cleanup
[2023-06-04T12:20:42.558+0200][2.273s] GC(3) Pause Cleanup 36M->36M(512M) 0.085ms
[2023-06-04T12:20:42.558+0200][2.273s] GC(3) User=0.00s Sys=0.00s Real=0.00s
[2023-06-04T12:20:42.558+0200][2.273s] GC(3) Concurrent Clear Claimed Marks
[2023-06-04T12:20:42.558+0200][2.273s] GC(3) Concurrent Clear Claimed Marks 0.040ms
[2023-06-04T12:20:42.558+0200][2.273s] GC(3) Concurrent Cleanup for Next Mark
[2023-06-04T12:20:42.558+0200][2.273s] GC(3) Concurrent Cleanup for Next Mark 0.353ms
[2023-06-04T12:20:42.558+0200][2.273s] GC(3) Concurrent Mark Cycle 11.087ms
[2023-06-04T12:20:47.956+0200][7.670s] GC(4) Pause Young (Prepare Mixed) (Metadata GC Threshold)
[2023-06-04T12:20:47.956+0200][7.671s] GC(4) Using 10 workers of 10 for evacuation
[2023-06-04T12:20:47.961+0200][7.675s] GC(4)   Pre Evacuate Collection Set: 0.1ms
[2023-06-04T12:20:47.961+0200][7.676s] GC(4)   Merge Heap Roots: 0.0ms
[2023-06-04T12:20:47.961+0200][7.676s] GC(4)   Evacuate Collection Set: 4.5ms
[2023-06-04T12:20:47.961+0200][7.676s] GC(4)   Post Evacuate Collection Set: 0.4ms
[2023-06-04T12:20:47.961+0200][7.676s] GC(4)   Other: 0.1ms
[2023-06-04T12:20:47.961+0200][7.676s] GC(4) Eden regions: 99->0(300)
[2023-06-04T12:20:47.961+0200][7.676s] GC(4) Survivor regions: 22->7(17)
[2023-06-04T12:20:47.961+0200][7.676s] GC(4) Old regions: 9->29
[2023-06-04T12:20:47.961+0200][7.676s] GC(4) Archive regions: 0->0
[2023-06-04T12:20:47.961+0200][7.676s] GC(4) Humongous regions: 6->5
[2023-06-04T12:20:47.961+0200][7.676s] GC(4) Metaspace: 35442K(35968K)->35442K(35968K) NonClass: 31343K(31616K)->31343K(31616K) Class: 4098K(4352K)->4098K(4352K)
[2023-06-04T12:20:47.961+0200][7.676s] GC(4) Pause Young (Prepare Mixed) (Metadata GC Threshold) 134M->40M(512M) 5.281ms
[2023-06-04T12:20:47.961+0200][7.676s] GC(4) User=0.00s Sys=0.00s Real=0.00s
[2023-06-04T12:20:47.998+0200][7.713s] GC(5) Pause Young (Mixed) (Metadata GC Threshold)
[2023-06-04T12:20:47.998+0200][7.713s] GC(5) Using 10 workers of 10 for evacuation
[2023-06-04T12:20:48.001+0200][7.715s] GC(5)   Pre Evacuate Collection Set: 0.1ms
[2023-06-04T12:20:48.001+0200][7.715s] GC(5)   Merge Heap Roots: 0.0ms
[2023-06-04T12:20:48.001+0200][7.715s] GC(5)   Evacuate Collection Set: 1.9ms
[2023-06-04T12:20:48.001+0200][7.715s] GC(5)   Post Evacuate Collection Set: 0.3ms
[2023-06-04T12:20:48.001+0200][7.715s] GC(5)   Other: 0.1ms
[2023-06-04T12:20:48.001+0200][7.715s] GC(5) Eden regions: 5->0(300)
[2023-06-04T12:20:48.001+0200][7.715s] GC(5) Survivor regions: 7->7(39)
[2023-06-04T12:20:48.001+0200][7.715s] GC(5) Old regions: 29->30
[2023-06-04T12:20:48.001+0200][7.715s] GC(5) Archive regions: 0->0
[2023-06-04T12:20:48.001+0200][7.715s] GC(5) Humongous regions: 5->5
[2023-06-04T12:20:48.001+0200][7.715s] GC(5) Metaspace: 35776K(36288K)->35776K(36288K) NonClass: 31629K(31872K)->31629K(31872K) Class: 4147K(4416K)->4147K(4416K)
[2023-06-04T12:20:48.001+0200][7.715s] GC(5) Pause Young (Mixed) (Metadata GC Threshold) 45M->40M(512M) 2.525ms
[2023-06-04T12:20:48.001+0200][7.715s] GC(5) User=0.00s Sys=0.00s Real=0.00s
[2023-06-04T12:20:48.038+0200][7.752s] GC(6) Pause Young (Concurrent Start) (Metadata GC Threshold)
[2023-06-04T12:20:48.038+0200][7.752s] GC(6) Using 10 workers of 10 for evacuation
[2023-06-04T12:20:48.040+0200][7.755s] GC(6)   Pre Evacuate Collection Set: 0.1ms
[2023-06-04T12:20:48.040+0200][7.755s] GC(6)   Merge Heap Roots: 0.0ms
[2023-06-04T12:20:48.040+0200][7.755s] GC(6)   Evacuate Collection Set: 1.8ms
[2023-06-04T12:20:48.040+0200][7.755s] GC(6)   Post Evacuate Collection Set: 0.3ms
[2023-06-04T12:20:48.040+0200][7.755s] GC(6)   Other: 0.1ms
[2023-06-04T12:20:48.040+0200][7.755s] GC(6) Eden regions: 6->0(300)
[2023-06-04T12:20:48.040+0200][7.755s] GC(6) Survivor regions: 7->7(39)
[2023-06-04T12:20:48.040+0200][7.755s] GC(6) Old regions: 30->30
[2023-06-04T12:20:48.040+0200][7.755s] GC(6) Archive regions: 0->0
[2023-06-04T12:20:48.040+0200][7.755s] GC(6) Humongous regions: 5->5
[2023-06-04T12:20:48.040+0200][7.755s] GC(6) Metaspace: 36149K(36608K)->36149K(36608K) NonClass: 31945K(32192K)->31945K(32192K) Class: 4204K(4416K)->4204K(4416K)
[2023-06-04T12:20:48.040+0200][7.755s] GC(6) Pause Young (Concurrent Start) (Metadata GC Threshold) 46M->41M(512M) 2.495ms
[2023-06-04T12:20:48.040+0200][7.755s] GC(7) Concurrent Mark Cycle
[2023-06-04T12:20:48.040+0200][7.755s] GC(6) User=0.17s Sys=0.00s Real=0.00s
[2023-06-04T12:20:48.040+0200][7.755s] GC(7) Concurrent Scan Root Regions
[2023-06-04T12:20:48.042+0200][7.756s] GC(7) Concurrent Scan Root Regions 1.254ms
[2023-06-04T12:20:48.042+0200][7.756s] GC(7) Concurrent Mark
[2023-06-04T12:20:48.042+0200][7.756s] GC(7) Concurrent Mark From Roots
[2023-06-04T12:20:48.042+0200][7.756s] GC(7) Using 3 workers of 3 for marking
[2023-06-04T12:20:48.049+0200][7.764s] GC(7) Concurrent Mark From Roots 7.664ms
[2023-06-04T12:20:48.049+0200][7.764s] GC(7) Concurrent Preclean
[2023-06-04T12:20:48.049+0200][7.764s] GC(7) Concurrent Preclean 0.092ms
[2023-06-04T12:20:48.049+0200][7.764s] GC(7) Pause Remark
[2023-06-04T12:20:48.051+0200][7.766s] GC(7) Pause Remark 42M->42M(512M) 1.888ms
[2023-06-04T12:20:48.051+0200][7.766s] GC(7) User=0.00s Sys=0.00s Real=0.00s
[2023-06-04T12:20:48.051+0200][7.766s] GC(7) Concurrent Mark 9.830ms
[2023-06-04T12:20:48.051+0200][7.766s] GC(7) Concurrent Rebuild Remembered Sets and Scrub Regions
[2023-06-04T12:20:48.055+0200][7.770s] GC(7) Concurrent Rebuild Remembered Sets and Scrub Regions 3.418ms
[2023-06-04T12:20:48.055+0200][7.770s] GC(7) Pause Cleanup
[2023-06-04T12:20:48.055+0200][7.770s] GC(7) Pause Cleanup 43M->43M(512M) 0.090ms
[2023-06-04T12:20:48.055+0200][7.770s] GC(7) User=0.00s Sys=0.00s Real=0.00s
[2023-06-04T12:20:48.055+0200][7.770s] GC(7) Concurrent Clear Claimed Marks
[2023-06-04T12:20:48.055+0200][7.770s] GC(7) Concurrent Clear Claimed Marks 0.035ms
[2023-06-04T12:20:48.055+0200][7.770s] GC(7) Concurrent Cleanup for Next Mark
[2023-06-04T12:20:48.055+0200][7.770s] GC(7) Concurrent Cleanup for Next Mark 0.330ms
[2023-06-04T12:20:48.055+0200][7.770s] GC(7) Concurrent Mark Cycle 15.282ms
[2023-06-04T12:20:48.840+0200][8.555s] Heap
[2023-06-04T12:20:48.841+0200][8.555s]  garbage-first heap   total 524288K, used 191844K [0x00000000e0000000, 0x0000000100000000)
[2023-06-04T12:20:48.841+0200][8.555s]   region size 1024K, 154 young (157696K), 7 survivors (7168K)
[2023-06-04T12:20:48.841+0200][8.555s]  Metaspace       used 48279K, committed 48960K, reserved 1114112K
[2023-06-04T12:20:48.841+0200][8.555s]   class space    used 5777K, committed 6080K, reserved 1048576K
