[2023-06-04T14:36:37.111+0200][0.011s] CardTable entry size: 512
[2023-06-04T14:36:37.111+0200][0.011s] Using G1
[2023-06-04T14:36:37.222+0200][0.120s] Version: 20.0.1+9-29 (release)
[2023-06-04T14:36:37.222+0200][0.120s] CPUs: 12 total, 12 available
[2023-06-04T14:36:37.222+0200][0.120s] Memory: 32716M
[2023-06-04T14:36:37.222+0200][0.121s] Large Page Support: Disabled
[2023-06-04T14:36:37.222+0200][0.121s] NUMA Support: Disabled
[2023-06-04T14:36:37.222+0200][0.121s] Compressed Oops: Enabled (32-bit)
[2023-06-04T14:36:37.222+0200][0.121s] Heap Region Size: 1M
[2023-06-04T14:36:37.222+0200][0.121s] Heap Min Capacity: 512M
[2023-06-04T14:36:37.222+0200][0.121s] Heap Initial Capacity: 512M
[2023-06-04T14:36:37.222+0200][0.121s] Heap Max Capacity: 512M
[2023-06-04T14:36:37.222+0200][0.121s] Pre-touch: Enabled
[2023-06-04T14:36:37.222+0200][0.121s] Parallel Workers: 10
[2023-06-04T14:36:37.222+0200][0.121s] Concurrent Workers: 3
[2023-06-04T14:36:37.222+0200][0.121s] Concurrent Refinement Workers: 10
[2023-06-04T14:36:37.222+0200][0.121s] Periodic GC: Disabled
[2023-06-04T14:36:37.223+0200][0.121s] CDS archive(s) mapped at: [0x0000000800000000-0x0000000800c60000-0x0000000800c60000), size 12976128, SharedBaseAddress: 0x0000000800000000, ArchiveRelocationMode: 0.
[2023-06-04T14:36:37.223+0200][0.121s] Compressed class space mapped at: 0x0000000801000000-0x0000000841000000, reserved size: 1073741824
[2023-06-04T14:36:37.223+0200][0.121s] Narrow klass base: 0x0000000800000000, Narrow klass shift: 0, Narrow klass range: 0x100000000
[2023-06-04T14:36:37.826+0200][0.724s] GC(0) Pause Young (Normal) (G1 Evacuation Pause)
[2023-06-04T14:36:37.826+0200][0.725s] GC(0) Using 10 workers of 10 for evacuation
[2023-06-04T14:36:37.829+0200][0.728s] GC(0)   Pre Evacuate Collection Set: 0.1ms
[2023-06-04T14:36:37.829+0200][0.728s] GC(0)   Merge Heap Roots: 0.0ms
[2023-06-04T14:36:37.829+0200][0.728s] GC(0)   Evacuate Collection Set: 2.7ms
[2023-06-04T14:36:37.829+0200][0.728s] GC(0)   Post Evacuate Collection Set: 0.4ms
[2023-06-04T14:36:37.829+0200][0.728s] GC(0)   Other: 0.4ms
[2023-06-04T14:36:37.829+0200][0.728s] GC(0) Eden regions: 29->0(39)
[2023-06-04T14:36:37.829+0200][0.728s] GC(0) Survivor regions: 0->4(4)
[2023-06-04T14:36:37.829+0200][0.728s] GC(0) Old regions: 0->2
[2023-06-04T14:36:37.829+0200][0.728s] GC(0) Archive regions: 0->0
[2023-06-04T14:36:37.829+0200][0.728s] GC(0) Humongous regions: 0->0
[2023-06-04T14:36:37.829+0200][0.728s] GC(0) Metaspace: 10289K(10560K)->10289K(10560K) NonClass: 9091K(9216K)->9091K(9216K) Class: 1198K(1344K)->1198K(1344K)
[2023-06-04T14:36:37.829+0200][0.728s] GC(0) Pause Young (Normal) (G1 Evacuation Pause) 29M->5M(512M) 3.874ms
[2023-06-04T14:36:37.829+0200][0.728s] GC(0) User=0.00s Sys=0.00s Real=0.00s
[2023-06-04T14:36:38.340+0200][1.239s] GC(1) Pause Young (Normal) (G1 Evacuation Pause)
[2023-06-04T14:36:38.340+0200][1.239s] GC(1) Using 10 workers of 10 for evacuation
[2023-06-04T14:36:38.345+0200][1.244s] GC(1)   Pre Evacuate Collection Set: 0.1ms
[2023-06-04T14:36:38.345+0200][1.244s] GC(1)   Merge Heap Roots: 0.1ms
[2023-06-04T14:36:38.345+0200][1.244s] GC(1)   Evacuate Collection Set: 3.9ms
[2023-06-04T14:36:38.345+0200][1.244s] GC(1)   Post Evacuate Collection Set: 0.5ms
[2023-06-04T14:36:38.345+0200][1.244s] GC(1)   Other: 0.1ms
[2023-06-04T14:36:38.345+0200][1.244s] GC(1) Eden regions: 39->0(170)
[2023-06-04T14:36:38.345+0200][1.244s] GC(1) Survivor regions: 4->6(6)
[2023-06-04T14:36:38.345+0200][1.244s] GC(1) Old regions: 2->10
[2023-06-04T14:36:38.345+0200][1.244s] GC(1) Archive regions: 0->0
[2023-06-04T14:36:38.345+0200][1.244s] GC(1) Humongous regions: 4->4
[2023-06-04T14:36:38.345+0200][1.244s] GC(1) Metaspace: 18565K(18944K)->18565K(18944K) NonClass: 16434K(16640K)->16434K(16640K) Class: 2131K(2304K)->2131K(2304K)
[2023-06-04T14:36:38.345+0200][1.244s] GC(1) Pause Young (Normal) (G1 Evacuation Pause) 48M->19M(512M) 4.806ms
[2023-06-04T14:36:38.345+0200][1.244s] GC(1) User=0.00s Sys=0.00s Real=0.01s
[2023-06-04T14:36:38.632+0200][1.531s] GC(2) Pause Young (Concurrent Start) (Metadata GC Threshold)
[2023-06-04T14:36:38.632+0200][1.531s] GC(2) Using 10 workers of 10 for evacuation
[2023-06-04T14:36:38.634+0200][1.533s] GC(2)   Pre Evacuate Collection Set: 0.1ms
[2023-06-04T14:36:38.634+0200][1.533s] GC(2)   Merge Heap Roots: 0.0ms
[2023-06-04T14:36:38.634+0200][1.533s] GC(2)   Evacuate Collection Set: 2.0ms
[2023-06-04T14:36:38.634+0200][1.533s] GC(2)   Post Evacuate Collection Set: 0.3ms
[2023-06-04T14:36:38.634+0200][1.533s] GC(2)   Other: 0.1ms
[2023-06-04T14:36:38.634+0200][1.533s] GC(2) Eden regions: 25->0(262)
[2023-06-04T14:36:38.634+0200][1.533s] GC(2) Survivor regions: 6->11(22)
[2023-06-04T14:36:38.634+0200][1.533s] GC(2) Old regions: 10->10
[2023-06-04T14:36:38.634+0200][1.533s] GC(2) Archive regions: 0->0
[2023-06-04T14:36:38.635+0200][1.533s] GC(2) Humongous regions: 4->4
[2023-06-04T14:36:38.635+0200][1.533s] GC(2) Metaspace: 21029K(21504K)->21029K(21504K) NonClass: 18637K(18944K)->18637K(18944K) Class: 2391K(2560K)->2391K(2560K)
[2023-06-04T14:36:38.635+0200][1.533s] GC(2) Pause Young (Concurrent Start) (Metadata GC Threshold) 44M->24M(512M) 2.677ms
[2023-06-04T14:36:38.635+0200][1.533s] GC(3) Concurrent Mark Cycle
[2023-06-04T14:36:38.635+0200][1.533s] GC(2) User=0.16s Sys=0.00s Real=0.00s
[2023-06-04T14:36:38.635+0200][1.533s] GC(3) Concurrent Scan Root Regions
[2023-06-04T14:36:38.636+0200][1.535s] GC(3) Concurrent Scan Root Regions 1.564ms
[2023-06-04T14:36:38.636+0200][1.535s] GC(3) Concurrent Mark
[2023-06-04T14:36:38.636+0200][1.535s] GC(3) Concurrent Mark From Roots
[2023-06-04T14:36:38.636+0200][1.535s] GC(3) Using 3 workers of 3 for marking
[2023-06-04T14:36:38.642+0200][1.540s] GC(3) Concurrent Mark From Roots 5.340ms
[2023-06-04T14:36:38.642+0200][1.540s] GC(3) Concurrent Preclean
[2023-06-04T14:36:38.642+0200][1.540s] GC(3) Concurrent Preclean 0.038ms
[2023-06-04T14:36:38.642+0200][1.540s] GC(3) Pause Remark
[2023-06-04T14:36:38.643+0200][1.542s] GC(3) Pause Remark 25M->25M(512M) 1.303ms
[2023-06-04T14:36:38.643+0200][1.542s] GC(3) User=0.00s Sys=0.00s Real=0.00s
[2023-06-04T14:36:38.643+0200][1.542s] GC(3) Concurrent Mark 6.868ms
[2023-06-04T14:36:38.643+0200][1.542s] GC(3) Concurrent Rebuild Remembered Sets and Scrub Regions
[2023-06-04T14:36:38.645+0200][1.544s] GC(3) Concurrent Rebuild Remembered Sets and Scrub Regions 1.894ms
[2023-06-04T14:36:38.645+0200][1.544s] GC(3) Pause Cleanup
[2023-06-04T14:36:38.645+0200][1.544s] GC(3) Pause Cleanup 25M->25M(512M) 0.094ms
[2023-06-04T14:36:38.645+0200][1.544s] GC(3) User=0.00s Sys=0.00s Real=0.00s
[2023-06-04T14:36:38.645+0200][1.544s] GC(3) Concurrent Clear Claimed Marks
[2023-06-04T14:36:38.645+0200][1.544s] GC(3) Concurrent Clear Claimed Marks 0.034ms
[2023-06-04T14:36:38.645+0200][1.544s] GC(3) Concurrent Cleanup for Next Mark
[2023-06-04T14:36:38.646+0200][1.544s] GC(3) Concurrent Cleanup for Next Mark 0.342ms
[2023-06-04T14:36:38.646+0200][1.544s] GC(3) Concurrent Mark Cycle 11.058ms
[2023-06-04T14:36:44.162+0200][7.062s] GC(4) Pause Young (Concurrent Start) (Metadata GC Threshold)
[2023-06-04T14:36:44.163+0200][7.062s] GC(4) Using 10 workers of 10 for evacuation
[2023-06-04T14:36:44.167+0200][7.066s] GC(4)   Pre Evacuate Collection Set: 0.1ms
[2023-06-04T14:36:44.167+0200][7.066s] GC(4)   Merge Heap Roots: 0.0ms
[2023-06-04T14:36:44.167+0200][7.066s] GC(4)   Evacuate Collection Set: 3.9ms
[2023-06-04T14:36:44.167+0200][7.066s] GC(4)   Post Evacuate Collection Set: 0.4ms
[2023-06-04T14:36:44.167+0200][7.066s] GC(4)   Other: 0.1ms
[2023-06-04T14:36:44.167+0200][7.066s] GC(4) Eden regions: 96->0(290)
[2023-06-04T14:36:44.167+0200][7.066s] GC(4) Survivor regions: 11->17(33)
[2023-06-04T14:36:44.167+0200][7.066s] GC(4) Old regions: 10->10
[2023-06-04T14:36:44.167+0200][7.066s] GC(4) Archive regions: 0->0
[2023-06-04T14:36:44.167+0200][7.066s] GC(4) Humongous regions: 5->4
[2023-06-04T14:36:44.167+0200][7.066s] GC(4) Metaspace: 35633K(36096K)->35633K(36096K) NonClass: 31489K(31744K)->31489K(31744K) Class: 4144K(4352K)->4144K(4352K)
[2023-06-04T14:36:44.167+0200][7.066s] GC(4) Pause Young (Concurrent Start) (Metadata GC Threshold) 121M->30M(512M) 4.889ms
[2023-06-04T14:36:44.167+0200][7.066s] GC(5) Concurrent Mark Cycle
[2023-06-04T14:36:44.167+0200][7.066s] GC(4) User=0.16s Sys=0.00s Real=0.01s
[2023-06-04T14:36:44.167+0200][7.066s] GC(5) Concurrent Scan Root Regions
[2023-06-04T14:36:44.169+0200][7.068s] GC(5) Concurrent Scan Root Regions 1.965ms
[2023-06-04T14:36:44.169+0200][7.068s] GC(5) Concurrent Mark
[2023-06-04T14:36:44.169+0200][7.069s] GC(5) Concurrent Mark From Roots
[2023-06-04T14:36:44.169+0200][7.069s] GC(5) Using 3 workers of 3 for marking
[2023-06-04T14:36:44.174+0200][7.073s] GC(5) Concurrent Mark From Roots 4.092ms
[2023-06-04T14:36:44.174+0200][7.073s] GC(5) Concurrent Preclean
[2023-06-04T14:36:44.174+0200][7.073s] GC(5) Concurrent Preclean 0.033ms
[2023-06-04T14:36:44.174+0200][7.073s] GC(5) Pause Remark
[2023-06-04T14:36:44.175+0200][7.074s] GC(5) Pause Remark 31M->31M(512M) 1.606ms
[2023-06-04T14:36:44.175+0200][7.074s] GC(5) User=0.00s Sys=0.00s Real=0.00s
[2023-06-04T14:36:44.175+0200][7.074s] GC(5) Concurrent Mark 5.893ms
[2023-06-04T14:36:44.175+0200][7.074s] GC(5) Concurrent Rebuild Remembered Sets and Scrub Regions
[2023-06-04T14:36:44.177+0200][7.076s] GC(5) Concurrent Rebuild Remembered Sets and Scrub Regions 1.852ms
[2023-06-04T14:36:44.177+0200][7.076s] GC(5) Pause Cleanup
[2023-06-04T14:36:44.177+0200][7.076s] GC(5) Pause Cleanup 31M->31M(512M) 0.068ms
[2023-06-04T14:36:44.177+0200][7.076s] GC(5) User=0.00s Sys=0.00s Real=0.00s
[2023-06-04T14:36:44.177+0200][7.076s] GC(5) Concurrent Clear Claimed Marks
[2023-06-04T14:36:44.177+0200][7.076s] GC(5) Concurrent Clear Claimed Marks 0.033ms
[2023-06-04T14:36:44.177+0200][7.076s] GC(5) Concurrent Cleanup for Next Mark
[2023-06-04T14:36:44.178+0200][7.077s] GC(5) Concurrent Cleanup for Next Mark 0.348ms
[2023-06-04T14:36:44.178+0200][7.077s] GC(5) Concurrent Mark Cycle 10.428ms
[2023-06-04T14:43:04.356+0200][387.255s] Heap
[2023-06-04T14:43:04.356+0200][387.255s]  garbage-first heap   total 524288K, used 183952K [0x00000000e0000000, 0x0000000100000000)
[2023-06-04T14:43:04.356+0200][387.255s]   region size 1024K, 164 young (167936K), 17 survivors (17408K)
[2023-06-04T14:43:04.356+0200][387.255s]  Metaspace       used 58454K, committed 59136K, reserved 1114112K
[2023-06-04T14:43:04.356+0200][387.255s]   class space    used 7076K, committed 7360K, reserved 1048576K
