[2023-06-04T14:08:43.818+0200][0.011s] CardTable entry size: 512
[2023-06-04T14:08:43.818+0200][0.011s] Using G1
[2023-06-04T14:08:43.929+0200][0.122s] Version: 20.0.1+9-29 (release)
[2023-06-04T14:08:43.929+0200][0.122s] CPUs: 12 total, 12 available
[2023-06-04T14:08:43.929+0200][0.122s] Memory: 32716M
[2023-06-04T14:08:43.929+0200][0.122s] Large Page Support: Disabled
[2023-06-04T14:08:43.929+0200][0.122s] NUMA Support: Disabled
[2023-06-04T14:08:43.929+0200][0.122s] Compressed Oops: Enabled (32-bit)
[2023-06-04T14:08:43.929+0200][0.122s] Heap Region Size: 1M
[2023-06-04T14:08:43.929+0200][0.122s] Heap Min Capacity: 512M
[2023-06-04T14:08:43.929+0200][0.122s] Heap Initial Capacity: 512M
[2023-06-04T14:08:43.929+0200][0.122s] Heap Max Capacity: 512M
[2023-06-04T14:08:43.930+0200][0.123s] Pre-touch: Enabled
[2023-06-04T14:08:43.930+0200][0.123s] Parallel Workers: 10
[2023-06-04T14:08:43.930+0200][0.123s] Concurrent Workers: 3
[2023-06-04T14:08:43.930+0200][0.123s] Concurrent Refinement Workers: 10
[2023-06-04T14:08:43.930+0200][0.123s] Periodic GC: Disabled
[2023-06-04T14:08:43.930+0200][0.123s] CDS archive(s) mapped at: [0x0000000800000000-0x0000000800c60000-0x0000000800c60000), size 12976128, SharedBaseAddress: 0x0000000800000000, ArchiveRelocationMode: 0.
[2023-06-04T14:08:43.930+0200][0.123s] Compressed class space mapped at: 0x0000000801000000-0x0000000841000000, reserved size: 1073741824
[2023-06-04T14:08:43.930+0200][0.123s] Narrow klass base: 0x0000000800000000, Narrow klass shift: 0, Narrow klass range: 0x100000000
[2023-06-04T14:08:44.543+0200][0.736s] GC(0) Pause Young (Normal) (G1 Evacuation Pause)
[2023-06-04T14:08:44.543+0200][0.736s] GC(0) Using 10 workers of 10 for evacuation
[2023-06-04T14:08:44.547+0200][0.740s] GC(0)   Pre Evacuate Collection Set: 0.1ms
[2023-06-04T14:08:44.547+0200][0.740s] GC(0)   Merge Heap Roots: 0.0ms
[2023-06-04T14:08:44.547+0200][0.740s] GC(0)   Evacuate Collection Set: 2.7ms
[2023-06-04T14:08:44.547+0200][0.740s] GC(0)   Post Evacuate Collection Set: 0.3ms
[2023-06-04T14:08:44.547+0200][0.740s] GC(0)   Other: 0.4ms
[2023-06-04T14:08:44.547+0200][0.740s] GC(0) Eden regions: 29->0(39)
[2023-06-04T14:08:44.547+0200][0.740s] GC(0) Survivor regions: 0->4(4)
[2023-06-04T14:08:44.547+0200][0.740s] GC(0) Old regions: 0->2
[2023-06-04T14:08:44.547+0200][0.740s] GC(0) Archive regions: 0->0
[2023-06-04T14:08:44.547+0200][0.740s] GC(0) Humongous regions: 0->0
[2023-06-04T14:08:44.547+0200][0.740s] GC(0) Metaspace: 10294K(10560K)->10294K(10560K) NonClass: 9095K(9216K)->9095K(9216K) Class: 1198K(1344K)->1198K(1344K)
[2023-06-04T14:08:44.547+0200][0.740s] GC(0) Pause Young (Normal) (G1 Evacuation Pause) 29M->5M(512M) 3.946ms
[2023-06-04T14:08:44.547+0200][0.740s] GC(0) User=0.00s Sys=0.00s Real=0.00s
[2023-06-04T14:08:45.064+0200][1.256s] GC(1) Pause Young (Normal) (G1 Evacuation Pause)
[2023-06-04T14:08:45.064+0200][1.256s] GC(1) Using 10 workers of 10 for evacuation
[2023-06-04T14:08:45.069+0200][1.261s] GC(1)   Pre Evacuate Collection Set: 0.1ms
[2023-06-04T14:08:45.069+0200][1.261s] GC(1)   Merge Heap Roots: 0.0ms
[2023-06-04T14:08:45.069+0200][1.261s] GC(1)   Evacuate Collection Set: 4.5ms
[2023-06-04T14:08:45.069+0200][1.261s] GC(1)   Post Evacuate Collection Set: 0.4ms
[2023-06-04T14:08:45.069+0200][1.261s] GC(1)   Other: 0.1ms
[2023-06-04T14:08:45.069+0200][1.261s] GC(1) Eden regions: 39->0(180)
[2023-06-04T14:08:45.069+0200][1.261s] GC(1) Survivor regions: 4->6(6)
[2023-06-04T14:08:45.069+0200][1.261s] GC(1) Old regions: 2->10
[2023-06-04T14:08:45.069+0200][1.261s] GC(1) Archive regions: 0->0
[2023-06-04T14:08:45.069+0200][1.261s] GC(1) Humongous regions: 4->4
[2023-06-04T14:08:45.069+0200][1.261s] GC(1) Metaspace: 18567K(18944K)->18567K(18944K) NonClass: 16440K(16640K)->16440K(16640K) Class: 2127K(2304K)->2127K(2304K)
[2023-06-04T14:08:45.069+0200][1.261s] GC(1) Pause Young (Normal) (G1 Evacuation Pause) 48M->19M(512M) 5.294ms
[2023-06-04T14:08:45.069+0200][1.261s] GC(1) User=0.00s Sys=0.00s Real=0.01s
[2023-06-04T14:08:45.367+0200][1.559s] GC(2) Pause Young (Concurrent Start) (Metadata GC Threshold)
[2023-06-04T14:08:45.367+0200][1.559s] GC(2) Using 10 workers of 10 for evacuation
[2023-06-04T14:08:45.369+0200][1.561s] GC(2)   Pre Evacuate Collection Set: 0.1ms
[2023-06-04T14:08:45.369+0200][1.561s] GC(2)   Merge Heap Roots: 0.0ms
[2023-06-04T14:08:45.369+0200][1.561s] GC(2)   Evacuate Collection Set: 1.8ms
[2023-06-04T14:08:45.369+0200][1.561s] GC(2)   Post Evacuate Collection Set: 0.3ms
[2023-06-04T14:08:45.369+0200][1.561s] GC(2)   Other: 0.1ms
[2023-06-04T14:08:45.369+0200][1.561s] GC(2) Eden regions: 26->0(265)
[2023-06-04T14:08:45.369+0200][1.561s] GC(2) Survivor regions: 6->11(23)
[2023-06-04T14:08:45.369+0200][1.561s] GC(2) Old regions: 10->10
[2023-06-04T14:08:45.369+0200][1.561s] GC(2) Archive regions: 0->0
[2023-06-04T14:08:45.369+0200][1.561s] GC(2) Humongous regions: 4->4
[2023-06-04T14:08:45.369+0200][1.561s] GC(2) Metaspace: 21084K(21504K)->21084K(21504K) NonClass: 18694K(18944K)->18694K(18944K) Class: 2389K(2560K)->2389K(2560K)
[2023-06-04T14:08:45.369+0200][1.561s] GC(2) Pause Young (Concurrent Start) (Metadata GC Threshold) 45M->24M(512M) 2.634ms
[2023-06-04T14:08:45.369+0200][1.562s] GC(2) User=0.16s Sys=0.00s Real=0.00s
[2023-06-04T14:08:45.369+0200][1.562s] GC(3) Concurrent Mark Cycle
[2023-06-04T14:08:45.369+0200][1.562s] GC(3) Concurrent Scan Root Regions
[2023-06-04T14:08:45.371+0200][1.563s] GC(3) Concurrent Scan Root Regions 1.531ms
[2023-06-04T14:08:45.371+0200][1.563s] GC(3) Concurrent Mark
[2023-06-04T14:08:45.371+0200][1.563s] GC(3) Concurrent Mark From Roots
[2023-06-04T14:08:45.371+0200][1.563s] GC(3) Using 3 workers of 3 for marking
[2023-06-04T14:08:45.376+0200][1.569s] GC(3) Concurrent Mark From Roots 5.369ms
[2023-06-04T14:08:45.376+0200][1.569s] GC(3) Concurrent Preclean
[2023-06-04T14:08:45.376+0200][1.569s] GC(3) Concurrent Preclean 0.043ms
[2023-06-04T14:08:45.376+0200][1.569s] GC(3) Pause Remark
[2023-06-04T14:08:45.378+0200][1.570s] GC(3) Pause Remark 26M->26M(512M) 1.223ms
[2023-06-04T14:08:45.378+0200][1.570s] GC(3) User=0.00s Sys=0.00s Real=0.00s
[2023-06-04T14:08:45.378+0200][1.570s] GC(3) Concurrent Mark 6.823ms
[2023-06-04T14:08:45.378+0200][1.570s] GC(3) Concurrent Rebuild Remembered Sets and Scrub Regions
[2023-06-04T14:08:45.380+0200][1.572s] GC(3) Concurrent Rebuild Remembered Sets and Scrub Regions 2.046ms
[2023-06-04T14:08:45.380+0200][1.572s] GC(3) Pause Cleanup
[2023-06-04T14:08:45.380+0200][1.572s] GC(3) Pause Cleanup 26M->26M(512M) 0.076ms
[2023-06-04T14:08:45.380+0200][1.572s] GC(3) User=0.00s Sys=0.00s Real=0.00s
[2023-06-04T14:08:45.380+0200][1.572s] GC(3) Concurrent Clear Claimed Marks
[2023-06-04T14:08:45.380+0200][1.572s] GC(3) Concurrent Clear Claimed Marks 0.039ms
[2023-06-04T14:08:45.380+0200][1.572s] GC(3) Concurrent Cleanup for Next Mark
[2023-06-04T14:08:45.380+0200][1.573s] GC(3) Concurrent Cleanup for Next Mark 0.337ms
[2023-06-04T14:08:45.380+0200][1.573s] GC(3) Concurrent Mark Cycle 11.124ms
[2023-06-04T14:08:50.814+0200][7.006s] GC(4) Pause Young (Concurrent Start) (Metadata GC Threshold)
[2023-06-04T14:08:50.814+0200][7.006s] GC(4) Using 10 workers of 10 for evacuation
[2023-06-04T14:08:50.819+0200][7.011s] GC(4)   Pre Evacuate Collection Set: 0.1ms
[2023-06-04T14:08:50.819+0200][7.011s] GC(4)   Merge Heap Roots: 0.0ms
[2023-06-04T14:08:50.819+0200][7.011s] GC(4)   Evacuate Collection Set: 4.3ms
[2023-06-04T14:08:50.819+0200][7.011s] GC(4)   Post Evacuate Collection Set: 0.5ms
[2023-06-04T14:08:50.819+0200][7.011s] GC(4)   Other: 0.1ms
[2023-06-04T14:08:50.819+0200][7.011s] GC(4) Eden regions: 75->0(290)
[2023-06-04T14:08:50.819+0200][7.011s] GC(4) Survivor regions: 11->17(33)
[2023-06-04T14:08:50.819+0200][7.012s] GC(4) Old regions: 10->10
[2023-06-04T14:08:50.819+0200][7.012s] GC(4) Archive regions: 0->0
[2023-06-04T14:08:50.819+0200][7.012s] GC(4) Humongous regions: 5->4
[2023-06-04T14:08:50.819+0200][7.012s] GC(4) Metaspace: 35649K(36160K)->35649K(36160K) NonClass: 31503K(31808K)->31503K(31808K) Class: 4146K(4352K)->4146K(4352K)
[2023-06-04T14:08:50.819+0200][7.012s] GC(4) Pause Young (Concurrent Start) (Metadata GC Threshold) 99M->30M(512M) 5.412ms
[2023-06-04T14:08:50.819+0200][7.012s] GC(5) Concurrent Mark Cycle
[2023-06-04T14:08:50.819+0200][7.012s] GC(4) User=0.00s Sys=0.00s Real=0.01s
[2023-06-04T14:08:50.819+0200][7.012s] GC(5) Concurrent Scan Root Regions
[2023-06-04T14:08:50.822+0200][7.014s] GC(5) Concurrent Scan Root Regions 2.504ms
[2023-06-04T14:08:50.822+0200][7.014s] GC(5) Concurrent Mark
[2023-06-04T14:08:50.822+0200][7.014s] GC(5) Concurrent Mark From Roots
[2023-06-04T14:08:50.822+0200][7.014s] GC(5) Using 3 workers of 3 for marking
[2023-06-04T14:08:50.827+0200][7.019s] GC(5) Concurrent Mark From Roots 4.546ms
[2023-06-04T14:08:50.827+0200][7.019s] GC(5) Concurrent Preclean
[2023-06-04T14:08:50.827+0200][7.019s] GC(5) Concurrent Preclean 0.033ms
[2023-06-04T14:08:50.827+0200][7.019s] GC(5) Pause Remark
[2023-06-04T14:08:50.828+0200][7.021s] GC(5) Pause Remark 31M->31M(512M) 1.677ms
[2023-06-04T14:08:50.828+0200][7.021s] GC(5) User=0.00s Sys=0.00s Real=0.00s
[2023-06-04T14:08:50.828+0200][7.021s] GC(5) Concurrent Mark 6.438ms
[2023-06-04T14:08:50.828+0200][7.021s] GC(5) Concurrent Rebuild Remembered Sets and Scrub Regions
[2023-06-04T14:08:50.831+0200][7.023s] GC(5) Concurrent Rebuild Remembered Sets and Scrub Regions 2.696ms
[2023-06-04T14:08:50.831+0200][7.023s] GC(5) Pause Cleanup
[2023-06-04T14:08:50.831+0200][7.024s] GC(5) Pause Cleanup 31M->31M(512M) 0.112ms
[2023-06-04T14:08:50.831+0200][7.024s] GC(5) User=0.00s Sys=0.00s Real=0.00s
[2023-06-04T14:08:50.831+0200][7.024s] GC(5) Concurrent Clear Claimed Marks
[2023-06-04T14:08:50.831+0200][7.024s] GC(5) Concurrent Clear Claimed Marks 0.027ms
[2023-06-04T14:08:50.831+0200][7.024s] GC(5) Concurrent Cleanup for Next Mark
[2023-06-04T14:08:50.832+0200][7.024s] GC(5) Concurrent Cleanup for Next Mark 0.308ms
[2023-06-04T14:08:50.832+0200][7.024s] GC(5) Concurrent Mark Cycle 12.330ms
[2023-06-04T14:11:41.096+0200][177.289s] Heap
[2023-06-04T14:11:41.096+0200][177.289s]  garbage-first heap   total 524288K, used 184611K [0x00000000e0000000, 0x0000000100000000)
[2023-06-04T14:11:41.096+0200][177.289s]   region size 1024K, 165 young (168960K), 17 survivors (17408K)
[2023-06-04T14:11:41.096+0200][177.289s]  Metaspace       used 58448K, committed 59072K, reserved 1114112K
[2023-06-04T14:11:41.096+0200][177.289s]   class space    used 7069K, committed 7360K, reserved 1048576K
