[2023-06-04T11:50:30.720+0200][0.011s] CardTable entry size: 512
[2023-06-04T11:50:30.721+0200][0.011s] Using G1
[2023-06-04T11:50:30.831+0200][0.121s] Version: 20.0.1+9-29 (release)
[2023-06-04T11:50:30.831+0200][0.121s] CPUs: 12 total, 12 available
[2023-06-04T11:50:30.831+0200][0.121s] Memory: 32716M
[2023-06-04T11:50:30.831+0200][0.121s] Large Page Support: Disabled
[2023-06-04T11:50:30.831+0200][0.121s] NUMA Support: Disabled
[2023-06-04T11:50:30.831+0200][0.121s] Compressed Oops: Enabled (32-bit)
[2023-06-04T11:50:30.831+0200][0.121s] Heap Region Size: 1M
[2023-06-04T11:50:30.831+0200][0.121s] Heap Min Capacity: 512M
[2023-06-04T11:50:30.831+0200][0.121s] Heap Initial Capacity: 512M
[2023-06-04T11:50:30.831+0200][0.121s] Heap Max Capacity: 512M
[2023-06-04T11:50:30.832+0200][0.122s] Pre-touch: Enabled
[2023-06-04T11:50:30.832+0200][0.122s] Parallel Workers: 10
[2023-06-04T11:50:30.832+0200][0.122s] Concurrent Workers: 3
[2023-06-04T11:50:30.832+0200][0.122s] Concurrent Refinement Workers: 10
[2023-06-04T11:50:30.832+0200][0.122s] Periodic GC: Disabled
[2023-06-04T11:50:30.832+0200][0.122s] CDS archive(s) mapped at: [0x0000000800000000-0x0000000800c60000-0x0000000800c60000), size 12976128, SharedBaseAddress: 0x0000000800000000, ArchiveRelocationMode: 0.
[2023-06-04T11:50:30.832+0200][0.122s] Compressed class space mapped at: 0x0000000801000000-0x0000000841000000, reserved size: 1073741824
[2023-06-04T11:50:30.832+0200][0.122s] Narrow klass base: 0x0000000800000000, Narrow klass shift: 0, Narrow klass range: 0x100000000
[2023-06-04T11:50:32.625+0200][1.914s] GC(0) Pause Young (Normal) (G1 Evacuation Pause)
[2023-06-04T11:50:32.625+0200][1.915s] GC(0) Using 10 workers of 10 for evacuation
[2023-06-04T11:50:32.629+0200][1.918s] GC(0)   Pre Evacuate Collection Set: 0.1ms
[2023-06-04T11:50:32.629+0200][1.918s] GC(0)   Merge Heap Roots: 0.0ms
[2023-06-04T11:50:32.629+0200][1.918s] GC(0)   Evacuate Collection Set: 2.9ms
[2023-06-04T11:50:32.629+0200][1.918s] GC(0)   Post Evacuate Collection Set: 0.4ms
[2023-06-04T11:50:32.629+0200][1.918s] GC(0)   Other: 0.5ms
[2023-06-04T11:50:32.629+0200][1.918s] GC(0) Eden regions: 29->0(39)
[2023-06-04T11:50:32.629+0200][1.918s] GC(0) Survivor regions: 0->4(4)
[2023-06-04T11:50:32.629+0200][1.918s] GC(0) Old regions: 0->2
[2023-06-04T11:50:32.629+0200][1.918s] GC(0) Archive regions: 0->0
[2023-06-04T11:50:32.629+0200][1.918s] GC(0) Humongous regions: 0->0
[2023-06-04T11:50:32.629+0200][1.918s] GC(0) Metaspace: 10307K(10624K)->10307K(10624K) NonClass: 9107K(9280K)->9107K(9280K) Class: 1200K(1344K)->1200K(1344K)
[2023-06-04T11:50:32.629+0200][1.918s] GC(0) Pause Young (Normal) (G1 Evacuation Pause) 29M->5M(512M) 4.128ms
[2023-06-04T11:50:32.629+0200][1.918s] GC(0) User=0.00s Sys=0.00s Real=0.00s
[2023-06-04T11:50:33.250+0200][2.539s] GC(1) Pause Young (Normal) (G1 Evacuation Pause)
[2023-06-04T11:50:33.250+0200][2.539s] GC(1) Using 10 workers of 10 for evacuation
[2023-06-04T11:50:33.255+0200][2.545s] GC(1)   Pre Evacuate Collection Set: 0.1ms
[2023-06-04T11:50:33.255+0200][2.545s] GC(1)   Merge Heap Roots: 0.0ms
[2023-06-04T11:50:33.255+0200][2.545s] GC(1)   Evacuate Collection Set: 4.7ms
[2023-06-04T11:50:33.255+0200][2.545s] GC(1)   Post Evacuate Collection Set: 0.5ms
[2023-06-04T11:50:33.255+0200][2.545s] GC(1)   Other: 0.1ms
[2023-06-04T11:50:33.255+0200][2.545s] GC(1) Eden regions: 39->0(179)
[2023-06-04T11:50:33.255+0200][2.545s] GC(1) Survivor regions: 4->6(6)
[2023-06-04T11:50:33.255+0200][2.545s] GC(1) Old regions: 2->9
[2023-06-04T11:50:33.255+0200][2.545s] GC(1) Archive regions: 0->0
[2023-06-04T11:50:33.255+0200][2.545s] GC(1) Humongous regions: 4->4
[2023-06-04T11:50:33.255+0200][2.545s] GC(1) Metaspace: 18581K(18944K)->18581K(18944K) NonClass: 16453K(16640K)->16453K(16640K) Class: 2127K(2304K)->2127K(2304K)
[2023-06-04T11:50:33.255+0200][2.545s] GC(1) Pause Young (Normal) (G1 Evacuation Pause) 48M->18M(512M) 5.735ms
[2023-06-04T11:50:33.255+0200][2.545s] GC(1) User=0.00s Sys=0.00s Real=0.01s
[2023-06-04T11:50:42.810+0200][12.100s] GC(2) Pause Young (Concurrent Start) (Metadata GC Threshold)
[2023-06-04T11:50:42.810+0200][12.100s] GC(2) Using 10 workers of 10 for evacuation
[2023-06-04T11:50:42.814+0200][12.104s] GC(2)   Pre Evacuate Collection Set: 0.1ms
[2023-06-04T11:50:42.814+0200][12.104s] GC(2)   Merge Heap Roots: 0.0ms
[2023-06-04T11:50:42.814+0200][12.104s] GC(2)   Evacuate Collection Set: 2.6ms
[2023-06-04T11:50:42.814+0200][12.104s] GC(2)   Post Evacuate Collection Set: 0.4ms
[2023-06-04T11:50:42.814+0200][12.104s] GC(2)   Other: 0.1ms
[2023-06-04T11:50:42.814+0200][12.104s] GC(2) Eden regions: 94->0(142)
[2023-06-04T11:50:42.814+0200][12.104s] GC(2) Survivor regions: 6->21(22)
[2023-06-04T11:50:42.814+0200][12.104s] GC(2) Old regions: 9->9
[2023-06-04T11:50:42.814+0200][12.104s] GC(2) Archive regions: 0->0
[2023-06-04T11:50:42.814+0200][12.104s] GC(2) Humongous regions: 6->5
[2023-06-04T11:50:42.814+0200][12.104s] GC(2) Metaspace: 21090K(21504K)->21090K(21504K) NonClass: 18713K(18944K)->18713K(18944K) Class: 2376K(2560K)->2376K(2560K)
[2023-06-04T11:50:42.814+0200][12.104s] GC(2) Pause Young (Concurrent Start) (Metadata GC Threshold) 114M->34M(512M) 3.468ms
[2023-06-04T11:50:42.814+0200][12.104s] GC(3) Concurrent Mark Cycle
[2023-06-04T11:50:42.814+0200][12.104s] GC(2) User=0.00s Sys=0.00s Real=0.00s
[2023-06-04T11:50:42.814+0200][12.104s] GC(3) Concurrent Scan Root Regions
[2023-06-04T11:50:42.816+0200][12.106s] GC(3) Concurrent Scan Root Regions 1.936ms
[2023-06-04T11:50:42.816+0200][12.106s] GC(3) Concurrent Mark
[2023-06-04T11:50:42.816+0200][12.106s] GC(3) Concurrent Mark From Roots
[2023-06-04T11:50:42.816+0200][12.106s] GC(3) Using 3 workers of 3 for marking
[2023-06-04T11:50:42.820+0200][12.110s] GC(3) Concurrent Mark From Roots 3.963ms
[2023-06-04T11:50:42.820+0200][12.110s] GC(3) Concurrent Preclean
[2023-06-04T11:50:42.820+0200][12.110s] GC(3) Concurrent Preclean 0.030ms
[2023-06-04T11:50:42.820+0200][12.110s] GC(3) Pause Remark
[2023-06-04T11:50:42.821+0200][12.111s] GC(3) Pause Remark 36M->36M(512M) 1.091ms
[2023-06-04T11:50:42.821+0200][12.111s] GC(3) User=0.16s Sys=0.00s Real=0.00s
[2023-06-04T11:50:42.821+0200][12.111s] GC(3) Concurrent Mark 5.252ms
[2023-06-04T11:50:42.821+0200][12.111s] GC(3) Concurrent Rebuild Remembered Sets and Scrub Regions
[2023-06-04T11:50:42.823+0200][12.113s] GC(3) Concurrent Rebuild Remembered Sets and Scrub Regions 1.658ms
[2023-06-04T11:50:42.823+0200][12.113s] GC(3) Pause Cleanup
[2023-06-04T11:50:42.823+0200][12.113s] GC(3) Pause Cleanup 36M->36M(512M) 0.087ms
[2023-06-04T11:50:42.823+0200][12.113s] GC(3) User=0.00s Sys=0.00s Real=0.00s
[2023-06-04T11:50:42.823+0200][12.113s] GC(3) Concurrent Clear Claimed Marks
[2023-06-04T11:50:42.823+0200][12.113s] GC(3) Concurrent Clear Claimed Marks 0.039ms
[2023-06-04T11:50:42.823+0200][12.113s] GC(3) Concurrent Cleanup for Next Mark
[2023-06-04T11:50:42.823+0200][12.113s] GC(3) Concurrent Cleanup for Next Mark 0.380ms
[2023-06-04T11:50:42.823+0200][12.114s] GC(3) Concurrent Mark Cycle 9.662ms
[2023-06-04T11:50:48.287+0200][17.577s] GC(4) Pause Young (Concurrent Start) (Metadata GC Threshold)
[2023-06-04T11:50:48.287+0200][17.577s] GC(4) Using 10 workers of 10 for evacuation
[2023-06-04T11:50:48.292+0200][17.582s] GC(4)   Pre Evacuate Collection Set: 0.1ms
[2023-06-04T11:50:48.292+0200][17.582s] GC(4)   Merge Heap Roots: 0.0ms
[2023-06-04T11:50:48.292+0200][17.582s] GC(4)   Evacuate Collection Set: 4.5ms
[2023-06-04T11:50:48.293+0200][17.582s] GC(4)   Post Evacuate Collection Set: 0.4ms
[2023-06-04T11:50:48.293+0200][17.582s] GC(4)   Other: 0.1ms
[2023-06-04T11:50:48.293+0200][17.582s] GC(4) Eden regions: 101->0(300)
[2023-06-04T11:50:48.293+0200][17.582s] GC(4) Survivor regions: 21->7(18)
[2023-06-04T11:50:48.293+0200][17.582s] GC(4) Old regions: 9->30
[2023-06-04T11:50:48.293+0200][17.582s] GC(4) Archive regions: 0->0
[2023-06-04T11:50:48.293+0200][17.582s] GC(4) Humongous regions: 6->5
[2023-06-04T11:50:48.293+0200][17.582s] GC(4) Metaspace: 35503K(35968K)->35503K(35968K) NonClass: 31390K(31616K)->31390K(31616K) Class: 4113K(4352K)->4113K(4352K)
[2023-06-04T11:50:48.294+0200][17.583s] GC(4) Pause Young (Concurrent Start) (Metadata GC Threshold) 136M->40M(512M) 5.822ms
[2023-06-04T11:50:48.294+0200][17.583s] GC(5) Concurrent Mark Cycle
[2023-06-04T11:50:48.294+0200][17.583s] GC(4) User=0.16s Sys=0.00s Real=0.01s
[2023-06-04T11:50:48.294+0200][17.583s] GC(5) Concurrent Scan Root Regions
[2023-06-04T11:50:48.296+0200][17.585s] GC(5) Concurrent Scan Root Regions 2.397ms
[2023-06-04T11:50:48.296+0200][17.585s] GC(5) Concurrent Mark
[2023-06-04T11:50:48.296+0200][17.585s] GC(5) Concurrent Mark From Roots
[2023-06-04T11:50:48.296+0200][17.585s] GC(5) Using 3 workers of 3 for marking
[2023-06-04T11:50:48.300+0200][17.589s] GC(5) Concurrent Mark From Roots 3.893ms
[2023-06-04T11:50:48.300+0200][17.589s] GC(5) Concurrent Preclean
[2023-06-04T11:50:48.300+0200][17.589s] GC(5) Concurrent Preclean 0.032ms
[2023-06-04T11:50:48.300+0200][17.589s] GC(5) Pause Remark
[2023-06-04T11:50:48.302+0200][17.591s] GC(5) Pause Remark 41M->41M(512M) 1.712ms
[2023-06-04T11:50:48.302+0200][17.591s] GC(5) User=0.00s Sys=0.00s Real=0.00s
[2023-06-04T11:50:48.302+0200][17.591s] GC(5) Concurrent Mark 5.805ms
[2023-06-04T11:50:48.302+0200][17.591s] GC(5) Concurrent Rebuild Remembered Sets and Scrub Regions
[2023-06-04T11:50:48.304+0200][17.594s] GC(5) Concurrent Rebuild Remembered Sets and Scrub Regions 2.387ms
[2023-06-04T11:50:48.304+0200][17.594s] GC(5) Pause Cleanup
[2023-06-04T11:50:48.304+0200][17.594s] GC(5) Pause Cleanup 42M->42M(512M) 0.071ms
[2023-06-04T11:50:48.304+0200][17.594s] GC(5) User=0.00s Sys=0.00s Real=0.00s
[2023-06-04T11:50:48.305+0200][17.594s] GC(5) Concurrent Clear Claimed Marks
[2023-06-04T11:50:48.305+0200][17.594s] GC(5) Concurrent Clear Claimed Marks 0.031ms
[2023-06-04T11:50:48.305+0200][17.594s] GC(5) Concurrent Cleanup for Next Mark
[2023-06-04T11:50:48.305+0200][17.594s] GC(5) Concurrent Cleanup for Next Mark 0.290ms
[2023-06-04T11:50:48.305+0200][17.594s] GC(5) Concurrent Mark Cycle 11.259ms
[2023-06-04T11:53:09.665+0200][158.954s] Heap
[2023-06-04T11:53:09.665+0200][158.954s]  garbage-first heap   total 524288K, used 295525K [0x00000000e0000000, 0x0000000100000000)
[2023-06-04T11:53:09.665+0200][158.954s]   region size 1024K, 247 young (252928K), 7 survivors (7168K)
[2023-06-04T11:53:09.665+0200][158.954s]  Metaspace       used 56242K, committed 56896K, reserved 1114112K
[2023-06-04T11:53:09.665+0200][158.955s]   class space    used 6745K, committed 7040K, reserved 1048576K
