[2023-06-04T14:48:47.155+0200][0.010s] CardTable entry size: 512
[2023-06-04T14:48:47.155+0200][0.011s] Using G1
[2023-06-04T14:48:47.264+0200][0.120s] Version: 20.0.1+9-29 (release)
[2023-06-04T14:48:47.264+0200][0.120s] CPUs: 12 total, 12 available
[2023-06-04T14:48:47.264+0200][0.120s] Memory: 32716M
[2023-06-04T14:48:47.264+0200][0.120s] Large Page Support: Disabled
[2023-06-04T14:48:47.264+0200][0.120s] NUMA Support: Disabled
[2023-06-04T14:48:47.264+0200][0.120s] Compressed Oops: Enabled (32-bit)
[2023-06-04T14:48:47.264+0200][0.120s] Heap Region Size: 1M
[2023-06-04T14:48:47.264+0200][0.120s] Heap Min Capacity: 512M
[2023-06-04T14:48:47.264+0200][0.120s] Heap Initial Capacity: 512M
[2023-06-04T14:48:47.264+0200][0.120s] Heap Max Capacity: 512M
[2023-06-04T14:48:47.264+0200][0.120s] Pre-touch: Enabled
[2023-06-04T14:48:47.264+0200][0.120s] Parallel Workers: 10
[2023-06-04T14:48:47.264+0200][0.120s] Concurrent Workers: 3
[2023-06-04T14:48:47.264+0200][0.120s] Concurrent Refinement Workers: 10
[2023-06-04T14:48:47.264+0200][0.120s] Periodic GC: Disabled
[2023-06-04T14:48:47.265+0200][0.121s] CDS archive(s) mapped at: [0x0000000800000000-0x0000000800c60000-0x0000000800c60000), size 12976128, SharedBaseAddress: 0x0000000800000000, ArchiveRelocationMode: 0.
[2023-06-04T14:48:47.265+0200][0.121s] Compressed class space mapped at: 0x0000000801000000-0x0000000841000000, reserved size: 1073741824
[2023-06-04T14:48:47.265+0200][0.121s] Narrow klass base: 0x0000000800000000, Narrow klass shift: 0, Narrow klass range: 0x100000000
[2023-06-04T14:48:47.851+0200][0.707s] GC(0) Pause Young (Normal) (G1 Evacuation Pause)
[2023-06-04T14:48:47.852+0200][0.708s] GC(0) Using 10 workers of 10 for evacuation
[2023-06-04T14:48:47.855+0200][0.712s] GC(0)   Pre Evacuate Collection Set: 0.1ms
[2023-06-04T14:48:47.855+0200][0.712s] GC(0)   Merge Heap Roots: 0.0ms
[2023-06-04T14:48:47.855+0200][0.712s] GC(0)   Evacuate Collection Set: 3.0ms
[2023-06-04T14:48:47.855+0200][0.712s] GC(0)   Post Evacuate Collection Set: 0.4ms
[2023-06-04T14:48:47.856+0200][0.712s] GC(0)   Other: 0.4ms
[2023-06-04T14:48:47.856+0200][0.712s] GC(0) Eden regions: 29->0(39)
[2023-06-04T14:48:47.856+0200][0.712s] GC(0) Survivor regions: 0->4(4)
[2023-06-04T14:48:47.856+0200][0.712s] GC(0) Old regions: 0->2
[2023-06-04T14:48:47.856+0200][0.712s] GC(0) Archive regions: 0->0
[2023-06-04T14:48:47.856+0200][0.712s] GC(0) Humongous regions: 0->0
[2023-06-04T14:48:47.856+0200][0.712s] GC(0) Metaspace: 10290K(10560K)->10290K(10560K) NonClass: 9091K(9216K)->9091K(9216K) Class: 1198K(1344K)->1198K(1344K)
[2023-06-04T14:48:47.856+0200][0.712s] GC(0) Pause Young (Normal) (G1 Evacuation Pause) 29M->5M(512M) 4.219ms
[2023-06-04T14:48:47.856+0200][0.712s] GC(0) User=0.02s Sys=0.00s Real=0.00s
[2023-06-04T14:48:48.364+0200][1.220s] GC(1) Pause Young (Normal) (G1 Evacuation Pause)
[2023-06-04T14:48:48.364+0200][1.220s] GC(1) Using 10 workers of 10 for evacuation
[2023-06-04T14:48:48.369+0200][1.225s] GC(1)   Pre Evacuate Collection Set: 0.1ms
[2023-06-04T14:48:48.369+0200][1.225s] GC(1)   Merge Heap Roots: 0.0ms
[2023-06-04T14:48:48.369+0200][1.225s] GC(1)   Evacuate Collection Set: 4.4ms
[2023-06-04T14:48:48.369+0200][1.225s] GC(1)   Post Evacuate Collection Set: 0.5ms
[2023-06-04T14:48:48.369+0200][1.225s] GC(1)   Other: 0.1ms
[2023-06-04T14:48:48.369+0200][1.225s] GC(1) Eden regions: 39->0(177)
[2023-06-04T14:48:48.369+0200][1.225s] GC(1) Survivor regions: 4->6(6)
[2023-06-04T14:48:48.369+0200][1.225s] GC(1) Old regions: 2->10
[2023-06-04T14:48:48.369+0200][1.225s] GC(1) Archive regions: 0->0
[2023-06-04T14:48:48.369+0200][1.225s] GC(1) Humongous regions: 4->4
[2023-06-04T14:48:48.369+0200][1.225s] GC(1) Metaspace: 18572K(18944K)->18572K(18944K) NonClass: 16444K(16640K)->16444K(16640K) Class: 2127K(2304K)->2127K(2304K)
[2023-06-04T14:48:48.369+0200][1.225s] GC(1) Pause Young (Normal) (G1 Evacuation Pause) 48M->19M(512M) 5.330ms
[2023-06-04T14:48:48.369+0200][1.226s] GC(1) User=0.19s Sys=0.00s Real=0.00s
[2023-06-04T14:48:48.660+0200][1.516s] GC(2) Pause Young (Concurrent Start) (Metadata GC Threshold)
[2023-06-04T14:48:48.660+0200][1.516s] GC(2) Using 10 workers of 10 for evacuation
[2023-06-04T14:48:48.662+0200][1.518s] GC(2)   Pre Evacuate Collection Set: 0.1ms
[2023-06-04T14:48:48.663+0200][1.518s] GC(2)   Merge Heap Roots: 0.0ms
[2023-06-04T14:48:48.663+0200][1.518s] GC(2)   Evacuate Collection Set: 1.7ms
[2023-06-04T14:48:48.663+0200][1.518s] GC(2)   Post Evacuate Collection Set: 0.3ms
[2023-06-04T14:48:48.663+0200][1.518s] GC(2)   Other: 0.1ms
[2023-06-04T14:48:48.663+0200][1.518s] GC(2) Eden regions: 26->0(267)
[2023-06-04T14:48:48.663+0200][1.518s] GC(2) Survivor regions: 6->11(23)
[2023-06-04T14:48:48.663+0200][1.518s] GC(2) Old regions: 10->10
[2023-06-04T14:48:48.663+0200][1.518s] GC(2) Archive regions: 0->0
[2023-06-04T14:48:48.663+0200][1.518s] GC(2) Humongous regions: 4->4
[2023-06-04T14:48:48.663+0200][1.518s] GC(2) Metaspace: 21084K(21504K)->21084K(21504K) NonClass: 18694K(18944K)->18694K(18944K) Class: 2389K(2560K)->2389K(2560K)
[2023-06-04T14:48:48.663+0200][1.518s] GC(2) Pause Young (Concurrent Start) (Metadata GC Threshold) 44M->24M(512M) 2.405ms
[2023-06-04T14:48:48.663+0200][1.518s] GC(3) Concurrent Mark Cycle
[2023-06-04T14:48:48.663+0200][1.518s] GC(2) User=0.00s Sys=0.00s Real=0.00s
[2023-06-04T14:48:48.663+0200][1.518s] GC(3) Concurrent Scan Root Regions
[2023-06-04T14:48:48.664+0200][1.520s] GC(3) Concurrent Scan Root Regions 1.762ms
[2023-06-04T14:48:48.665+0200][1.520s] GC(3) Concurrent Mark
[2023-06-04T14:48:48.665+0200][1.520s] GC(3) Concurrent Mark From Roots
[2023-06-04T14:48:48.665+0200][1.520s] GC(3) Using 3 workers of 3 for marking
[2023-06-04T14:48:48.669+0200][1.525s] GC(3) Concurrent Mark From Roots 4.935ms
[2023-06-04T14:48:48.670+0200][1.525s] GC(3) Concurrent Preclean
[2023-06-04T14:48:48.670+0200][1.525s] GC(3) Concurrent Preclean 0.047ms
[2023-06-04T14:48:48.670+0200][1.525s] GC(3) Pause Remark
[2023-06-04T14:48:48.671+0200][1.526s] GC(3) Pause Remark 25M->25M(512M) 1.337ms
[2023-06-04T14:48:48.671+0200][1.526s] GC(3) User=0.00s Sys=0.00s Real=0.00s
[2023-06-04T14:48:48.671+0200][1.526s] GC(3) Concurrent Mark 6.497ms
[2023-06-04T14:48:48.671+0200][1.526s] GC(3) Concurrent Rebuild Remembered Sets and Scrub Regions
[2023-06-04T14:48:48.673+0200][1.528s] GC(3) Concurrent Rebuild Remembered Sets and Scrub Regions 1.909ms
[2023-06-04T14:48:48.673+0200][1.528s] GC(3) Pause Cleanup
[2023-06-04T14:48:48.673+0200][1.528s] GC(3) Pause Cleanup 26M->26M(512M) 0.093ms
[2023-06-04T14:48:48.673+0200][1.528s] GC(3) User=0.00s Sys=0.00s Real=0.00s
[2023-06-04T14:48:48.673+0200][1.528s] GC(3) Concurrent Clear Claimed Marks
[2023-06-04T14:48:48.673+0200][1.529s] GC(3) Concurrent Clear Claimed Marks 0.041ms
[2023-06-04T14:48:48.673+0200][1.529s] GC(3) Concurrent Cleanup for Next Mark
[2023-06-04T14:48:48.674+0200][1.529s] GC(3) Concurrent Cleanup for Next Mark 0.324ms
[2023-06-04T14:48:48.674+0200][1.529s] GC(3) Concurrent Mark Cycle 10.918ms
[2023-06-04T14:48:54.154+0200][7.010s] GC(4) Pause Young (Concurrent Start) (Metadata GC Threshold)
[2023-06-04T14:48:54.154+0200][7.010s] GC(4) Using 10 workers of 10 for evacuation
[2023-06-04T14:48:54.159+0200][7.015s] GC(4)   Pre Evacuate Collection Set: 0.1ms
[2023-06-04T14:48:54.159+0200][7.015s] GC(4)   Merge Heap Roots: 0.0ms
[2023-06-04T14:48:54.159+0200][7.015s] GC(4)   Evacuate Collection Set: 4.0ms
[2023-06-04T14:48:54.159+0200][7.015s] GC(4)   Post Evacuate Collection Set: 0.4ms
[2023-06-04T14:48:54.159+0200][7.015s] GC(4)   Other: 0.1ms
[2023-06-04T14:48:54.159+0200][7.015s] GC(4) Eden regions: 86->0(290)
[2023-06-04T14:48:54.159+0200][7.015s] GC(4) Survivor regions: 11->17(34)
[2023-06-04T14:48:54.159+0200][7.015s] GC(4) Old regions: 10->10
[2023-06-04T14:48:54.159+0200][7.015s] GC(4) Archive regions: 0->0
[2023-06-04T14:48:54.159+0200][7.015s] GC(4) Humongous regions: 5->4
[2023-06-04T14:48:54.159+0200][7.015s] GC(4) Metaspace: 35672K(36160K)->35672K(36160K) NonClass: 31525K(31808K)->31525K(31808K) Class: 4146K(4352K)->4146K(4352K)
[2023-06-04T14:48:54.159+0200][7.015s] GC(4) Pause Young (Concurrent Start) (Metadata GC Threshold) 111M->30M(512M) 4.922ms
[2023-06-04T14:48:54.159+0200][7.015s] GC(5) Concurrent Mark Cycle
[2023-06-04T14:48:54.159+0200][7.015s] GC(4) User=0.00s Sys=0.00s Real=0.00s
[2023-06-04T14:48:54.159+0200][7.015s] GC(5) Concurrent Scan Root Regions
[2023-06-04T14:48:54.161+0200][7.017s] GC(5) Concurrent Scan Root Regions 2.059ms
[2023-06-04T14:48:54.161+0200][7.017s] GC(5) Concurrent Mark
[2023-06-04T14:48:54.161+0200][7.017s] GC(5) Concurrent Mark From Roots
[2023-06-04T14:48:54.162+0200][7.017s] GC(5) Using 3 workers of 3 for marking
[2023-06-04T14:48:54.166+0200][7.022s] GC(5) Concurrent Mark From Roots 4.938ms
[2023-06-04T14:48:54.166+0200][7.022s] GC(5) Concurrent Preclean
[2023-06-04T14:48:54.167+0200][7.022s] GC(5) Concurrent Preclean 0.043ms
[2023-06-04T14:48:54.167+0200][7.022s] GC(5) Pause Remark
[2023-06-04T14:48:54.168+0200][7.024s] GC(5) Pause Remark 32M->32M(512M) 1.618ms
[2023-06-04T14:48:54.168+0200][7.024s] GC(5) User=0.00s Sys=0.00s Real=0.00s
[2023-06-04T14:48:54.168+0200][7.024s] GC(5) Concurrent Mark 6.825ms
[2023-06-04T14:48:54.168+0200][7.024s] GC(5) Concurrent Rebuild Remembered Sets and Scrub Regions
[2023-06-04T14:48:54.171+0200][7.026s] GC(5) Concurrent Rebuild Remembered Sets and Scrub Regions 2.300ms
[2023-06-04T14:48:54.171+0200][7.026s] GC(5) Pause Cleanup
[2023-06-04T14:48:54.171+0200][7.027s] GC(5) Pause Cleanup 32M->32M(512M) 0.109ms
[2023-06-04T14:48:54.171+0200][7.027s] GC(5) User=0.00s Sys=0.00s Real=0.00s
[2023-06-04T14:48:54.171+0200][7.027s] GC(5) Concurrent Clear Claimed Marks
[2023-06-04T14:48:54.171+0200][7.027s] GC(5) Concurrent Clear Claimed Marks 0.034ms
[2023-06-04T14:48:54.171+0200][7.027s] GC(5) Concurrent Cleanup for Next Mark
[2023-06-04T14:48:54.171+0200][7.027s] GC(5) Concurrent Cleanup for Next Mark 0.337ms
[2023-06-04T14:48:54.171+0200][7.027s] GC(5) Concurrent Mark Cycle 11.944ms
[2023-06-04T14:49:59.247+0200][72.103s] Heap
[2023-06-04T14:49:59.247+0200][72.103s]  garbage-first heap   total 524288K, used 183053K [0x00000000e0000000, 0x0000000100000000)
[2023-06-04T14:49:59.247+0200][72.103s]   region size 1024K, 163 young (166912K), 17 survivors (17408K)
[2023-06-04T14:49:59.247+0200][72.103s]  Metaspace       used 58378K, committed 59008K, reserved 1114112K
[2023-06-04T14:49:59.247+0200][72.103s]   class space    used 7058K, committed 7360K, reserved 1048576K
