[2023-06-03T21:12:37.262+0200][0.011s] CardTable entry size: 512
[2023-06-03T21:12:37.262+0200][0.011s] Using G1
[2023-06-03T21:12:37.376+0200][0.125s] Version: 20.0.1+9-29 (release)
[2023-06-03T21:12:37.376+0200][0.125s] CPUs: 12 total, 12 available
[2023-06-03T21:12:37.376+0200][0.125s] Memory: 32716M
[2023-06-03T21:12:37.376+0200][0.125s] Large Page Support: Disabled
[2023-06-03T21:12:37.376+0200][0.125s] NUMA Support: Disabled
[2023-06-03T21:12:37.376+0200][0.125s] Compressed Oops: Enabled (32-bit)
[2023-06-03T21:12:37.376+0200][0.125s] Heap Region Size: 1M
[2023-06-03T21:12:37.377+0200][0.125s] Heap Min Capacity: 512M
[2023-06-03T21:12:37.377+0200][0.125s] Heap Initial Capacity: 512M
[2023-06-03T21:12:37.377+0200][0.125s] Heap Max Capacity: 512M
[2023-06-03T21:12:37.377+0200][0.125s] Pre-touch: Enabled
[2023-06-03T21:12:37.377+0200][0.125s] Parallel Workers: 10
[2023-06-03T21:12:37.377+0200][0.126s] Concurrent Workers: 3
[2023-06-03T21:12:37.377+0200][0.126s] Concurrent Refinement Workers: 10
[2023-06-03T21:12:37.377+0200][0.126s] Periodic GC: Disabled
[2023-06-03T21:12:37.377+0200][0.126s] CDS archive(s) mapped at: [0x0000000800000000-0x0000000800c60000-0x0000000800c60000), size 12976128, SharedBaseAddress: 0x0000000800000000, ArchiveRelocationMode: 0.
[2023-06-03T21:12:37.377+0200][0.126s] Compressed class space mapped at: 0x0000000801000000-0x0000000841000000, reserved size: 1073741824
[2023-06-03T21:12:37.377+0200][0.126s] Narrow klass base: 0x0000000800000000, Narrow klass shift: 0, Narrow klass range: 0x100000000
[2023-06-03T21:12:38.086+0200][0.833s] GC(0) Pause Young (Normal) (G1 Evacuation Pause)
[2023-06-03T21:12:38.086+0200][0.834s] GC(0) Using 10 workers of 10 for evacuation
[2023-06-03T21:12:38.090+0200][0.838s] GC(0)   Pre Evacuate Collection Set: 0.1ms
[2023-06-03T21:12:38.090+0200][0.838s] GC(0)   Merge Heap Roots: 0.0ms
[2023-06-03T21:12:38.090+0200][0.838s] GC(0)   Evacuate Collection Set: 3.0ms
[2023-06-03T21:12:38.090+0200][0.838s] GC(0)   Post Evacuate Collection Set: 0.4ms
[2023-06-03T21:12:38.090+0200][0.838s] GC(0)   Other: 0.4ms
[2023-06-03T21:12:38.090+0200][0.838s] GC(0) Eden regions: 29->0(39)
[2023-06-03T21:12:38.090+0200][0.838s] GC(0) Survivor regions: 0->4(4)
[2023-06-03T21:12:38.090+0200][0.838s] GC(0) Old regions: 0->2
[2023-06-03T21:12:38.090+0200][0.838s] GC(0) Archive regions: 0->0
[2023-06-03T21:12:38.090+0200][0.838s] GC(0) Humongous regions: 0->0
[2023-06-03T21:12:38.090+0200][0.838s] GC(0) Metaspace: 10300K(10624K)->10300K(10624K) NonClass: 9100K(9280K)->9100K(9280K) Class: 1200K(1344K)->1200K(1344K)
[2023-06-03T21:12:38.090+0200][0.838s] GC(0) Pause Young (Normal) (G1 Evacuation Pause) 29M->5M(512M) 4.300ms
[2023-06-03T21:12:38.090+0200][0.838s] GC(0) User=0.14s Sys=0.00s Real=0.00s
[2023-06-03T21:12:38.749+0200][1.497s] GC(1) Pause Young (Normal) (G1 Evacuation Pause)
[2023-06-03T21:12:38.749+0200][1.497s] GC(1) Using 10 workers of 10 for evacuation
[2023-06-03T21:12:38.754+0200][1.502s] GC(1)   Pre Evacuate Collection Set: 0.1ms
[2023-06-03T21:12:38.754+0200][1.502s] GC(1)   Merge Heap Roots: 0.0ms
[2023-06-03T21:12:38.754+0200][1.502s] GC(1)   Evacuate Collection Set: 4.1ms
[2023-06-03T21:12:38.754+0200][1.502s] GC(1)   Post Evacuate Collection Set: 0.4ms
[2023-06-03T21:12:38.754+0200][1.502s] GC(1)   Other: 0.1ms
[2023-06-03T21:12:38.754+0200][1.502s] GC(1) Eden regions: 39->0(176)
[2023-06-03T21:12:38.754+0200][1.502s] GC(1) Survivor regions: 4->6(6)
[2023-06-03T21:12:38.754+0200][1.502s] GC(1) Old regions: 2->9
[2023-06-03T21:12:38.754+0200][1.502s] GC(1) Archive regions: 0->0
[2023-06-03T21:12:38.754+0200][1.502s] GC(1) Humongous regions: 4->4
[2023-06-03T21:12:38.754+0200][1.502s] GC(1) Metaspace: 18581K(19008K)->18581K(19008K) NonClass: 16454K(16704K)->16454K(16704K) Class: 2127K(2304K)->2127K(2304K)
[2023-06-03T21:12:38.754+0200][1.502s] GC(1) Pause Young (Normal) (G1 Evacuation Pause) 48M->19M(512M) 4.951ms
[2023-06-03T21:12:38.754+0200][1.502s] GC(1) User=0.00s Sys=0.00s Real=0.00s
[2023-06-03T21:12:39.659+0200][2.408s] GC(2) Pause Young (Concurrent Start) (Metadata GC Threshold)
[2023-06-03T21:12:39.660+0200][2.408s] GC(2) Using 10 workers of 10 for evacuation
[2023-06-03T21:12:39.663+0200][2.412s] GC(2)   Pre Evacuate Collection Set: 0.1ms
[2023-06-03T21:12:39.664+0200][2.412s] GC(2)   Merge Heap Roots: 0.0ms
[2023-06-03T21:12:39.664+0200][2.412s] GC(2)   Evacuate Collection Set: 3.1ms
[2023-06-03T21:12:39.664+0200][2.412s] GC(2)   Post Evacuate Collection Set: 0.6ms
[2023-06-03T21:12:39.664+0200][2.412s] GC(2)   Other: 0.1ms
[2023-06-03T21:12:39.664+0200][2.412s] GC(2) Eden regions: 94->0(138)
[2023-06-03T21:12:39.664+0200][2.412s] GC(2) Survivor regions: 6->21(22)
[2023-06-03T21:12:39.664+0200][2.412s] GC(2) Old regions: 9->9
[2023-06-03T21:12:39.664+0200][2.412s] GC(2) Archive regions: 0->0
[2023-06-03T21:12:39.664+0200][2.412s] GC(2) Humongous regions: 6->5
[2023-06-03T21:12:39.664+0200][2.412s] GC(2) Metaspace: 21077K(21504K)->21077K(21504K) NonClass: 18702K(18944K)->18702K(18944K) Class: 2375K(2560K)->2375K(2560K)
[2023-06-03T21:12:39.664+0200][2.412s] GC(2) Pause Young (Concurrent Start) (Metadata GC Threshold) 114M->34M(512M) 4.235ms
[2023-06-03T21:12:39.664+0200][2.412s] GC(2) User=0.00s Sys=0.00s Real=0.01s
[2023-06-03T21:12:39.664+0200][2.412s] GC(3) Concurrent Mark Cycle
[2023-06-03T21:12:39.664+0200][2.412s] GC(3) Concurrent Scan Root Regions
[2023-06-03T21:12:39.666+0200][2.414s] GC(3) Concurrent Scan Root Regions 1.724ms
[2023-06-03T21:12:39.666+0200][2.414s] GC(3) Concurrent Mark
[2023-06-03T21:12:39.666+0200][2.414s] GC(3) Concurrent Mark From Roots
[2023-06-03T21:12:39.666+0200][2.414s] GC(3) Using 3 workers of 3 for marking
[2023-06-03T21:12:39.670+0200][2.418s] GC(3) Concurrent Mark From Roots 4.297ms
[2023-06-03T21:12:39.670+0200][2.418s] GC(3) Concurrent Preclean
[2023-06-03T21:12:39.670+0200][2.418s] GC(3) Concurrent Preclean 0.028ms
[2023-06-03T21:12:39.670+0200][2.418s] GC(3) Pause Remark
[2023-06-03T21:12:39.671+0200][2.420s] GC(3) Pause Remark 36M->36M(512M) 1.250ms
[2023-06-03T21:12:39.671+0200][2.420s] GC(3) User=0.00s Sys=0.00s Real=0.00s
[2023-06-03T21:12:39.671+0200][2.420s] GC(3) Concurrent Mark 5.806ms
[2023-06-03T21:12:39.671+0200][2.420s] GC(3) Concurrent Rebuild Remembered Sets and Scrub Regions
[2023-06-03T21:12:39.673+0200][2.422s] GC(3) Concurrent Rebuild Remembered Sets and Scrub Regions 1.747ms
[2023-06-03T21:12:39.673+0200][2.422s] GC(3) Pause Cleanup
[2023-06-03T21:12:39.673+0200][2.422s] GC(3) Pause Cleanup 36M->36M(512M) 0.083ms
[2023-06-03T21:12:39.673+0200][2.422s] GC(3) User=0.00s Sys=0.00s Real=0.00s
[2023-06-03T21:12:39.673+0200][2.422s] GC(3) Concurrent Clear Claimed Marks
[2023-06-03T21:12:39.673+0200][2.422s] GC(3) Concurrent Clear Claimed Marks 0.032ms
[2023-06-03T21:12:39.673+0200][2.422s] GC(3) Concurrent Cleanup for Next Mark
[2023-06-03T21:12:39.674+0200][2.422s] GC(3) Concurrent Cleanup for Next Mark 0.403ms
[2023-06-03T21:12:39.674+0200][2.422s] GC(3) Concurrent Mark Cycle 10.115ms
[2023-06-03T21:12:45.157+0200][7.906s] GC(4) Pause Young (Prepare Mixed) (Metadata GC Threshold)
[2023-06-03T21:12:45.157+0200][7.906s] GC(4) Using 10 workers of 10 for evacuation
[2023-06-03T21:12:45.162+0200][7.911s] GC(4)   Pre Evacuate Collection Set: 0.1ms
[2023-06-03T21:12:45.163+0200][7.911s] GC(4)   Merge Heap Roots: 0.0ms
[2023-06-03T21:12:45.163+0200][7.911s] GC(4)   Evacuate Collection Set: 4.7ms
[2023-06-03T21:12:45.163+0200][7.911s] GC(4)   Post Evacuate Collection Set: 0.4ms
[2023-06-03T21:12:45.163+0200][7.911s] GC(4)   Other: 0.1ms
[2023-06-03T21:12:45.163+0200][7.911s] GC(4) Eden regions: 101->0(300)
[2023-06-03T21:12:45.163+0200][7.911s] GC(4) Survivor regions: 21->7(16)
[2023-06-03T21:12:45.163+0200][7.911s] GC(4) Old regions: 9->29
[2023-06-03T21:12:45.163+0200][7.911s] GC(4) Archive regions: 0->0
[2023-06-03T21:12:45.163+0200][7.911s] GC(4) Humongous regions: 6->5
[2023-06-03T21:12:45.163+0200][7.911s] GC(4) Metaspace: 35469K(35968K)->35469K(35968K) NonClass: 31365K(31616K)->31365K(31616K) Class: 4103K(4352K)->4103K(4352K)
[2023-06-03T21:12:45.163+0200][7.911s] GC(4) Pause Young (Prepare Mixed) (Metadata GC Threshold) 136M->40M(512M) 5.530ms
[2023-06-03T21:12:45.163+0200][7.911s] GC(4) User=0.00s Sys=0.00s Real=0.01s
[2023-06-03T21:12:45.194+0200][7.943s] GC(5) Pause Young (Mixed) (Metadata GC Threshold)
[2023-06-03T21:12:45.194+0200][7.943s] GC(5) Using 10 workers of 10 for evacuation
[2023-06-03T21:12:45.197+0200][7.946s] GC(5)   Pre Evacuate Collection Set: 0.1ms
[2023-06-03T21:12:45.197+0200][7.946s] GC(5)   Merge Heap Roots: 0.0ms
[2023-06-03T21:12:45.197+0200][7.946s] GC(5)   Evacuate Collection Set: 2.3ms
[2023-06-03T21:12:45.197+0200][7.946s] GC(5)   Post Evacuate Collection Set: 0.3ms
[2023-06-03T21:12:45.197+0200][7.946s] GC(5)   Other: 0.1ms
[2023-06-03T21:12:45.197+0200][7.946s] GC(5) Eden regions: 5->0(300)
[2023-06-03T21:12:45.197+0200][7.946s] GC(5) Survivor regions: 7->7(39)
[2023-06-03T21:12:45.197+0200][7.946s] GC(5) Old regions: 29->30
[2023-06-03T21:12:45.197+0200][7.946s] GC(5) Archive regions: 0->0
[2023-06-03T21:12:45.197+0200][7.946s] GC(5) Humongous regions: 5->5
[2023-06-03T21:12:45.197+0200][7.946s] GC(5) Metaspace: 35776K(36288K)->35776K(36288K) NonClass: 31628K(31936K)->31628K(31936K) Class: 4148K(4352K)->4148K(4352K)
[2023-06-03T21:12:45.197+0200][7.946s] GC(5) Pause Young (Mixed) (Metadata GC Threshold) 44M->40M(512M) 2.957ms
[2023-06-03T21:12:45.197+0200][7.946s] GC(5) User=0.17s Sys=0.00s Real=0.00s
[2023-06-03T21:12:45.236+0200][7.985s] GC(6) Pause Young (Concurrent Start) (Metadata GC Threshold)
[2023-06-03T21:12:45.237+0200][7.985s] GC(6) Using 10 workers of 10 for evacuation
[2023-06-03T21:12:45.239+0200][7.987s] GC(6)   Pre Evacuate Collection Set: 0.1ms
[2023-06-03T21:12:45.239+0200][7.987s] GC(6)   Merge Heap Roots: 0.0ms
[2023-06-03T21:12:45.239+0200][7.987s] GC(6)   Evacuate Collection Set: 1.7ms
[2023-06-03T21:12:45.239+0200][7.987s] GC(6)   Post Evacuate Collection Set: 0.3ms
[2023-06-03T21:12:45.239+0200][7.987s] GC(6)   Other: 0.1ms
[2023-06-03T21:12:45.239+0200][7.987s] GC(6) Eden regions: 6->0(300)
[2023-06-03T21:12:45.239+0200][7.987s] GC(6) Survivor regions: 7->7(39)
[2023-06-03T21:12:45.239+0200][7.987s] GC(6) Old regions: 30->30
[2023-06-03T21:12:45.239+0200][7.987s] GC(6) Archive regions: 0->0
[2023-06-03T21:12:45.239+0200][7.987s] GC(6) Humongous regions: 5->5
[2023-06-03T21:12:45.239+0200][7.988s] GC(6) Metaspace: 36184K(36608K)->36184K(36608K) NonClass: 31975K(32192K)->31975K(32192K) Class: 4208K(4416K)->4208K(4416K)
[2023-06-03T21:12:45.239+0200][7.988s] GC(6) Pause Young (Concurrent Start) (Metadata GC Threshold) 46M->40M(512M) 2.368ms
[2023-06-03T21:12:45.239+0200][7.988s] GC(7) Concurrent Mark Cycle
[2023-06-03T21:12:45.239+0200][7.988s] GC(6) User=0.00s Sys=0.00s Real=0.00s
[2023-06-03T21:12:45.239+0200][7.988s] GC(7) Concurrent Scan Root Regions
[2023-06-03T21:12:45.240+0200][7.989s] GC(7) Concurrent Scan Root Regions 1.150ms
[2023-06-03T21:12:45.240+0200][7.989s] GC(7) Concurrent Mark
[2023-06-03T21:12:45.240+0200][7.989s] GC(7) Concurrent Mark From Roots
[2023-06-03T21:12:45.240+0200][7.989s] GC(7) Using 3 workers of 3 for marking
[2023-06-03T21:12:45.249+0200][7.997s] GC(7) Concurrent Mark From Roots 8.408ms
[2023-06-03T21:12:45.249+0200][7.997s] GC(7) Concurrent Preclean
[2023-06-03T21:12:45.249+0200][7.997s] GC(7) Concurrent Preclean 0.108ms
[2023-06-03T21:12:45.249+0200][7.997s] GC(7) Pause Remark
[2023-06-03T21:12:45.251+0200][7.999s] GC(7) Pause Remark 42M->42M(512M) 1.874ms
[2023-06-03T21:12:45.251+0200][7.999s] GC(7) User=0.00s Sys=0.00s Real=0.00s
[2023-06-03T21:12:45.251+0200][7.999s] GC(7) Concurrent Mark 10.592ms
[2023-06-03T21:12:45.251+0200][7.999s] GC(7) Concurrent Rebuild Remembered Sets and Scrub Regions
[2023-06-03T21:12:45.254+0200][8.003s] GC(7) Concurrent Rebuild Remembered Sets and Scrub Regions 3.710ms
[2023-06-03T21:12:45.255+0200][8.003s] GC(7) Pause Cleanup
[2023-06-03T21:12:45.255+0200][8.003s] GC(7) Pause Cleanup 42M->42M(512M) 0.082ms
[2023-06-03T21:12:45.255+0200][8.003s] GC(7) User=0.00s Sys=0.00s Real=0.00s
[2023-06-03T21:12:45.255+0200][8.003s] GC(7) Concurrent Clear Claimed Marks
[2023-06-03T21:12:45.255+0200][8.003s] GC(7) Concurrent Clear Claimed Marks 0.045ms
[2023-06-03T21:12:45.255+0200][8.003s] GC(7) Concurrent Cleanup for Next Mark
[2023-06-03T21:12:45.255+0200][8.004s] GC(7) Concurrent Cleanup for Next Mark 0.325ms
[2023-06-03T21:12:45.255+0200][8.004s] GC(7) Concurrent Mark Cycle 16.207ms
[2023-06-03T21:13:10.901+0200][33.649s] Heap
[2023-06-03T21:13:10.901+0200][33.649s]  garbage-first heap   total 524288K, used 249625K [0x00000000e0000000, 0x0000000100000000)
[2023-06-03T21:13:10.901+0200][33.649s]   region size 1024K, 209 young (214016K), 7 survivors (7168K)
[2023-06-03T21:13:10.901+0200][33.649s]  Metaspace       used 56023K, committed 56704K, reserved 1114112K
[2023-06-03T21:13:10.901+0200][33.649s]   class space    used 6744K, committed 7040K, reserved 1048576K
