[2023-06-04T15:14:03.067+0200][0.011s] CardTable entry size: 512
[2023-06-04T15:14:03.067+0200][0.011s] Using G1
[2023-06-04T15:14:03.187+0200][0.131s] Version: 20.0.1+9-29 (release)
[2023-06-04T15:14:03.187+0200][0.132s] CPUs: 12 total, 12 available
[2023-06-04T15:14:03.188+0200][0.132s] Memory: 32716M
[2023-06-04T15:14:03.188+0200][0.132s] Large Page Support: Disabled
[2023-06-04T15:14:03.188+0200][0.132s] NUMA Support: Disabled
[2023-06-04T15:14:03.188+0200][0.132s] Compressed Oops: Enabled (32-bit)
[2023-06-04T15:14:03.188+0200][0.132s] Heap Region Size: 1M
[2023-06-04T15:14:03.188+0200][0.132s] Heap Min Capacity: 512M
[2023-06-04T15:14:03.188+0200][0.132s] Heap Initial Capacity: 512M
[2023-06-04T15:14:03.188+0200][0.132s] Heap Max Capacity: 512M
[2023-06-04T15:14:03.188+0200][0.132s] Pre-touch: Enabled
[2023-06-04T15:14:03.188+0200][0.132s] Parallel Workers: 10
[2023-06-04T15:14:03.188+0200][0.132s] Concurrent Workers: 3
[2023-06-04T15:14:03.188+0200][0.132s] Concurrent Refinement Workers: 10
[2023-06-04T15:14:03.188+0200][0.132s] Periodic GC: Disabled
[2023-06-04T15:14:03.188+0200][0.132s] CDS archive(s) mapped at: [0x0000000800000000-0x0000000800c60000-0x0000000800c60000), size 12976128, SharedBaseAddress: 0x0000000800000000, ArchiveRelocationMode: 0.
[2023-06-04T15:14:03.188+0200][0.132s] Compressed class space mapped at: 0x0000000801000000-0x0000000841000000, reserved size: 1073741824
[2023-06-04T15:14:03.188+0200][0.132s] Narrow klass base: 0x0000000800000000, Narrow klass shift: 0, Narrow klass range: 0x100000000
[2023-06-04T15:14:03.791+0200][0.735s] GC(0) Pause Young (Normal) (G1 Evacuation Pause)
[2023-06-04T15:14:03.791+0200][0.735s] GC(0) Using 10 workers of 10 for evacuation
[2023-06-04T15:14:03.795+0200][0.739s] GC(0)   Pre Evacuate Collection Set: 0.1ms
[2023-06-04T15:14:03.795+0200][0.739s] GC(0)   Merge Heap Roots: 0.0ms
[2023-06-04T15:14:03.795+0200][0.739s] GC(0)   Evacuate Collection Set: 3.0ms
[2023-06-04T15:14:03.795+0200][0.739s] GC(0)   Post Evacuate Collection Set: 0.4ms
[2023-06-04T15:14:03.795+0200][0.739s] GC(0)   Other: 0.5ms
[2023-06-04T15:14:03.795+0200][0.739s] GC(0) Eden regions: 29->0(39)
[2023-06-04T15:14:03.795+0200][0.739s] GC(0) Survivor regions: 0->4(4)
[2023-06-04T15:14:03.795+0200][0.739s] GC(0) Old regions: 0->1
[2023-06-04T15:14:03.795+0200][0.739s] GC(0) Archive regions: 0->0
[2023-06-04T15:14:03.795+0200][0.739s] GC(0) Humongous regions: 0->0
[2023-06-04T15:14:03.795+0200][0.739s] GC(0) Metaspace: 10307K(10624K)->10307K(10624K) NonClass: 9108K(9280K)->9108K(9280K) Class: 1199K(1344K)->1199K(1344K)
[2023-06-04T15:14:03.795+0200][0.739s] GC(0) Pause Young (Normal) (G1 Evacuation Pause) 29M->5M(512M) 4.180ms
[2023-06-04T15:14:03.795+0200][0.739s] GC(0) User=0.00s Sys=0.00s Real=0.00s
[2023-06-04T15:14:04.323+0200][1.266s] GC(1) Pause Young (Normal) (G1 Evacuation Pause)
[2023-06-04T15:14:04.323+0200][1.266s] GC(1) Using 10 workers of 10 for evacuation
[2023-06-04T15:14:04.328+0200][1.271s] GC(1)   Pre Evacuate Collection Set: 0.1ms
[2023-06-04T15:14:04.328+0200][1.271s] GC(1)   Merge Heap Roots: 0.0ms
[2023-06-04T15:14:04.328+0200][1.271s] GC(1)   Evacuate Collection Set: 4.9ms
[2023-06-04T15:14:04.328+0200][1.271s] GC(1)   Post Evacuate Collection Set: 0.3ms
[2023-06-04T15:14:04.328+0200][1.272s] GC(1)   Other: 0.1ms
[2023-06-04T15:14:04.328+0200][1.272s] GC(1) Eden regions: 39->0(181)
[2023-06-04T15:14:04.328+0200][1.272s] GC(1) Survivor regions: 4->6(6)
[2023-06-04T15:14:04.328+0200][1.272s] GC(1) Old regions: 1->10
[2023-06-04T15:14:04.328+0200][1.272s] GC(1) Archive regions: 0->0
[2023-06-04T15:14:04.328+0200][1.272s] GC(1) Humongous regions: 4->4
[2023-06-04T15:14:04.328+0200][1.272s] GC(1) Metaspace: 18590K(18944K)->18590K(18944K) NonClass: 16458K(16640K)->16458K(16640K) Class: 2132K(2304K)->2132K(2304K)
[2023-06-04T15:14:04.328+0200][1.272s] GC(1) Pause Young (Normal) (G1 Evacuation Pause) 48M->19M(512M) 5.675ms
[2023-06-04T15:14:04.328+0200][1.272s] GC(1) User=0.00s Sys=0.00s Real=0.01s
[2023-06-04T15:14:04.622+0200][1.565s] GC(2) Pause Young (Concurrent Start) (Metadata GC Threshold)
[2023-06-04T15:14:04.622+0200][1.565s] GC(2) Using 10 workers of 10 for evacuation
[2023-06-04T15:14:04.624+0200][1.567s] GC(2)   Pre Evacuate Collection Set: 0.1ms
[2023-06-04T15:14:04.624+0200][1.568s] GC(2)   Merge Heap Roots: 0.0ms
[2023-06-04T15:14:04.624+0200][1.568s] GC(2)   Evacuate Collection Set: 1.8ms
[2023-06-04T15:14:04.624+0200][1.568s] GC(2)   Post Evacuate Collection Set: 0.3ms
[2023-06-04T15:14:04.624+0200][1.568s] GC(2)   Other: 0.1ms
[2023-06-04T15:14:04.624+0200][1.568s] GC(2) Eden regions: 25->0(267)
[2023-06-04T15:14:04.624+0200][1.568s] GC(2) Survivor regions: 6->11(23)
[2023-06-04T15:14:04.624+0200][1.568s] GC(2) Old regions: 10->10
[2023-06-04T15:14:04.624+0200][1.568s] GC(2) Archive regions: 0->0
[2023-06-04T15:14:04.624+0200][1.568s] GC(2) Humongous regions: 4->4
[2023-06-04T15:14:04.624+0200][1.568s] GC(2) Metaspace: 21047K(21504K)->21047K(21504K) NonClass: 18655K(18944K)->18655K(18944K) Class: 2391K(2560K)->2391K(2560K)
[2023-06-04T15:14:04.624+0200][1.568s] GC(2) Pause Young (Concurrent Start) (Metadata GC Threshold) 44M->24M(512M) 2.600ms
[2023-06-04T15:14:04.624+0200][1.568s] GC(2) User=0.00s Sys=0.00s Real=0.00s
[2023-06-04T15:14:04.624+0200][1.568s] GC(3) Concurrent Mark Cycle
[2023-06-04T15:14:04.624+0200][1.568s] GC(3) Concurrent Scan Root Regions
[2023-06-04T15:14:04.626+0200][1.569s] GC(3) Concurrent Scan Root Regions 1.355ms
[2023-06-04T15:14:04.626+0200][1.569s] GC(3) Concurrent Mark
[2023-06-04T15:14:04.626+0200][1.569s] GC(3) Concurrent Mark From Roots
[2023-06-04T15:14:04.626+0200][1.569s] GC(3) Using 3 workers of 3 for marking
[2023-06-04T15:14:04.630+0200][1.574s] GC(3) Concurrent Mark From Roots 4.676ms
[2023-06-04T15:14:04.631+0200][1.574s] GC(3) Concurrent Preclean
[2023-06-04T15:14:04.631+0200][1.574s] GC(3) Concurrent Preclean 0.036ms
[2023-06-04T15:14:04.631+0200][1.574s] GC(3) Pause Remark
[2023-06-04T15:14:04.632+0200][1.575s] GC(3) Pause Remark 25M->25M(512M) 1.189ms
[2023-06-04T15:14:04.632+0200][1.575s] GC(3) User=0.00s Sys=0.00s Real=0.00s
[2023-06-04T15:14:04.632+0200][1.575s] GC(3) Concurrent Mark 6.083ms
[2023-06-04T15:14:04.632+0200][1.575s] GC(3) Concurrent Rebuild Remembered Sets and Scrub Regions
[2023-06-04T15:14:04.634+0200][1.577s] GC(3) Concurrent Rebuild Remembered Sets and Scrub Regions 1.891ms
[2023-06-04T15:14:04.634+0200][1.577s] GC(3) Pause Cleanup
[2023-06-04T15:14:04.634+0200][1.577s] GC(3) Pause Cleanup 25M->25M(512M) 0.068ms
[2023-06-04T15:14:04.634+0200][1.577s] GC(3) User=0.00s Sys=0.00s Real=0.00s
[2023-06-04T15:14:04.634+0200][1.577s] GC(3) Concurrent Clear Claimed Marks
[2023-06-04T15:14:04.634+0200][1.577s] GC(3) Concurrent Clear Claimed Marks 0.020ms
[2023-06-04T15:14:04.634+0200][1.577s] GC(3) Concurrent Cleanup for Next Mark
[2023-06-04T15:14:04.634+0200][1.578s] GC(3) Concurrent Cleanup for Next Mark 0.321ms
[2023-06-04T15:14:04.634+0200][1.578s] GC(3) Concurrent Mark Cycle 10.007ms
[2023-06-04T15:14:10.060+0200][7.004s] GC(4) Pause Young (Concurrent Start) (Metadata GC Threshold)
[2023-06-04T15:14:10.060+0200][7.004s] GC(4) Using 10 workers of 10 for evacuation
[2023-06-04T15:14:10.065+0200][7.008s] GC(4)   Pre Evacuate Collection Set: 0.1ms
[2023-06-04T15:14:10.065+0200][7.008s] GC(4)   Merge Heap Roots: 0.0ms
[2023-06-04T15:14:10.065+0200][7.008s] GC(4)   Evacuate Collection Set: 3.7ms
[2023-06-04T15:14:10.065+0200][7.008s] GC(4)   Post Evacuate Collection Set: 0.4ms
[2023-06-04T15:14:10.065+0200][7.008s] GC(4)   Other: 0.1ms
[2023-06-04T15:14:10.065+0200][7.008s] GC(4) Eden regions: 78->0(290)
[2023-06-04T15:14:10.065+0200][7.008s] GC(4) Survivor regions: 11->17(33)
[2023-06-04T15:14:10.065+0200][7.008s] GC(4) Old regions: 10->10
[2023-06-04T15:14:10.065+0200][7.009s] GC(4) Archive regions: 0->0
[2023-06-04T15:14:10.065+0200][7.009s] GC(4) Humongous regions: 5->4
[2023-06-04T15:14:10.065+0200][7.009s] GC(4) Metaspace: 35622K(36096K)->35622K(36096K) NonClass: 31477K(31744K)->31477K(31744K) Class: 4145K(4352K)->4145K(4352K)
[2023-06-04T15:14:10.065+0200][7.009s] GC(4) Pause Young (Concurrent Start) (Metadata GC Threshold) 102M->30M(512M) 4.696ms
[2023-06-04T15:14:10.065+0200][7.009s] GC(4) User=0.00s Sys=0.00s Real=0.01s
[2023-06-04T15:14:10.065+0200][7.009s] GC(5) Concurrent Mark Cycle
[2023-06-04T15:14:10.065+0200][7.009s] GC(5) Concurrent Scan Root Regions
[2023-06-04T15:14:10.067+0200][7.011s] GC(5) Concurrent Scan Root Regions 2.164ms
[2023-06-04T15:14:10.067+0200][7.011s] GC(5) Concurrent Mark
[2023-06-04T15:14:10.067+0200][7.011s] GC(5) Concurrent Mark From Roots
[2023-06-04T15:14:10.067+0200][7.011s] GC(5) Using 3 workers of 3 for marking
[2023-06-04T15:14:10.072+0200][7.016s] GC(5) Concurrent Mark From Roots 5.186ms
[2023-06-04T15:14:10.073+0200][7.016s] GC(5) Concurrent Preclean
[2023-06-04T15:14:10.073+0200][7.016s] GC(5) Concurrent Preclean 0.044ms
[2023-06-04T15:14:10.073+0200][7.016s] GC(5) Pause Remark
[2023-06-04T15:14:10.074+0200][7.018s] GC(5) Pause Remark 31M->31M(512M) 1.679ms
[2023-06-04T15:14:10.074+0200][7.018s] GC(5) User=0.00s Sys=0.00s Real=0.00s
[2023-06-04T15:14:10.074+0200][7.018s] GC(5) Concurrent Mark 7.122ms
[2023-06-04T15:14:10.074+0200][7.018s] GC(5) Concurrent Rebuild Remembered Sets and Scrub Regions
[2023-06-04T15:14:10.076+0200][7.020s] GC(5) Concurrent Rebuild Remembered Sets and Scrub Regions 1.886ms
[2023-06-04T15:14:10.076+0200][7.020s] GC(5) Pause Cleanup
[2023-06-04T15:14:10.076+0200][7.020s] GC(5) Pause Cleanup 31M->31M(512M) 0.051ms
[2023-06-04T15:14:10.076+0200][7.020s] GC(5) User=0.00s Sys=0.00s Real=0.00s
[2023-06-04T15:14:10.076+0200][7.020s] GC(5) Concurrent Clear Claimed Marks
[2023-06-04T15:14:10.076+0200][7.020s] GC(5) Concurrent Clear Claimed Marks 0.018ms
[2023-06-04T15:14:10.077+0200][7.020s] GC(5) Concurrent Cleanup for Next Mark
[2023-06-04T15:14:10.077+0200][7.020s] GC(5) Concurrent Cleanup for Next Mark 0.300ms
[2023-06-04T15:14:10.077+0200][7.020s] GC(5) Concurrent Mark Cycle 11.807ms
[2023-06-04T15:17:24.585+0200][201.528s] Heap
[2023-06-04T15:17:24.585+0200][201.528s]  garbage-first heap   total 524288K, used 221360K [0x00000000e0000000, 0x0000000100000000)
[2023-06-04T15:17:24.585+0200][201.528s]   region size 1024K, 198 young (202752K), 17 survivors (17408K)
[2023-06-04T15:17:24.585+0200][201.528s]  Metaspace       used 58700K, committed 59392K, reserved 1114112K
[2023-06-04T15:17:24.585+0200][201.528s]   class space    used 7086K, committed 7360K, reserved 1048576K
