[2023-06-04T15:17:32.438+0200][0.010s] CardTable entry size: 512
[2023-06-04T15:17:32.439+0200][0.011s] Using G1
[2023-06-04T15:17:32.549+0200][0.122s] Version: 20.0.1+9-29 (release)
[2023-06-04T15:17:32.549+0200][0.122s] CPUs: 12 total, 12 available
[2023-06-04T15:17:32.549+0200][0.122s] Memory: 32716M
[2023-06-04T15:17:32.549+0200][0.122s] Large Page Support: Disabled
[2023-06-04T15:17:32.550+0200][0.122s] NUMA Support: Disabled
[2023-06-04T15:17:32.550+0200][0.122s] Compressed Oops: Enabled (32-bit)
[2023-06-04T15:17:32.550+0200][0.122s] Heap Region Size: 1M
[2023-06-04T15:17:32.550+0200][0.122s] Heap Min Capacity: 512M
[2023-06-04T15:17:32.550+0200][0.122s] Heap Initial Capacity: 512M
[2023-06-04T15:17:32.550+0200][0.122s] Heap Max Capacity: 512M
[2023-06-04T15:17:32.550+0200][0.122s] Pre-touch: Enabled
[2023-06-04T15:17:32.550+0200][0.122s] Parallel Workers: 10
[2023-06-04T15:17:32.550+0200][0.122s] Concurrent Workers: 3
[2023-06-04T15:17:32.550+0200][0.122s] Concurrent Refinement Workers: 10
[2023-06-04T15:17:32.550+0200][0.122s] Periodic GC: Disabled
[2023-06-04T15:17:32.550+0200][0.123s] CDS archive(s) mapped at: [0x0000000800000000-0x0000000800c60000-0x0000000800c60000), size 12976128, SharedBaseAddress: 0x0000000800000000, ArchiveRelocationMode: 0.
[2023-06-04T15:17:32.550+0200][0.123s] Compressed class space mapped at: 0x0000000801000000-0x0000000841000000, reserved size: 1073741824
[2023-06-04T15:17:32.550+0200][0.123s] Narrow klass base: 0x0000000800000000, Narrow klass shift: 0, Narrow klass range: 0x100000000
[2023-06-04T15:17:33.159+0200][0.732s] GC(0) Pause Young (Normal) (G1 Evacuation Pause)
[2023-06-04T15:17:33.160+0200][0.732s] GC(0) Using 10 workers of 10 for evacuation
[2023-06-04T15:17:33.163+0200][0.736s] GC(0)   Pre Evacuate Collection Set: 0.1ms
[2023-06-04T15:17:33.163+0200][0.736s] GC(0)   Merge Heap Roots: 0.0ms
[2023-06-04T15:17:33.163+0200][0.736s] GC(0)   Evacuate Collection Set: 2.8ms
[2023-06-04T15:17:33.163+0200][0.736s] GC(0)   Post Evacuate Collection Set: 0.3ms
[2023-06-04T15:17:33.163+0200][0.736s] GC(0)   Other: 0.5ms
[2023-06-04T15:17:33.163+0200][0.736s] GC(0) Eden regions: 29->0(39)
[2023-06-04T15:17:33.163+0200][0.736s] GC(0) Survivor regions: 0->4(4)
[2023-06-04T15:17:33.163+0200][0.736s] GC(0) Old regions: 0->2
[2023-06-04T15:17:33.163+0200][0.736s] GC(0) Archive regions: 0->0
[2023-06-04T15:17:33.163+0200][0.736s] GC(0) Humongous regions: 0->0
[2023-06-04T15:17:33.163+0200][0.736s] GC(0) Metaspace: 10289K(10560K)->10289K(10560K) NonClass: 9091K(9216K)->9091K(9216K) Class: 1198K(1344K)->1198K(1344K)
[2023-06-04T15:17:33.163+0200][0.736s] GC(0) Pause Young (Normal) (G1 Evacuation Pause) 29M->5M(512M) 4.023ms
[2023-06-04T15:17:33.163+0200][0.736s] GC(0) User=0.00s Sys=0.00s Real=0.00s
[2023-06-04T15:17:33.675+0200][1.247s] GC(1) Pause Young (Normal) (G1 Evacuation Pause)
[2023-06-04T15:17:33.675+0200][1.247s] GC(1) Using 10 workers of 10 for evacuation
[2023-06-04T15:17:33.680+0200][1.253s] GC(1)   Pre Evacuate Collection Set: 0.1ms
[2023-06-04T15:17:33.680+0200][1.253s] GC(1)   Merge Heap Roots: 0.0ms
[2023-06-04T15:17:33.680+0200][1.253s] GC(1)   Evacuate Collection Set: 4.5ms
[2023-06-04T15:17:33.680+0200][1.253s] GC(1)   Post Evacuate Collection Set: 0.4ms
[2023-06-04T15:17:33.680+0200][1.253s] GC(1)   Other: 0.1ms
[2023-06-04T15:17:33.680+0200][1.253s] GC(1) Eden regions: 39->0(172)
[2023-06-04T15:17:33.680+0200][1.253s] GC(1) Survivor regions: 4->6(6)
[2023-06-04T15:17:33.680+0200][1.253s] GC(1) Old regions: 2->10
[2023-06-04T15:17:33.680+0200][1.253s] GC(1) Archive regions: 0->0
[2023-06-04T15:17:33.680+0200][1.253s] GC(1) Humongous regions: 4->4
[2023-06-04T15:17:33.680+0200][1.253s] GC(1) Metaspace: 18574K(18944K)->18574K(18944K) NonClass: 16448K(16640K)->16448K(16640K) Class: 2126K(2304K)->2126K(2304K)
[2023-06-04T15:17:33.680+0200][1.253s] GC(1) Pause Young (Normal) (G1 Evacuation Pause) 48M->19M(512M) 5.396ms
[2023-06-04T15:17:33.680+0200][1.253s] GC(1) User=0.00s Sys=0.00s Real=0.01s
[2023-06-04T15:17:33.982+0200][1.555s] GC(2) Pause Young (Concurrent Start) (Metadata GC Threshold)
[2023-06-04T15:17:33.982+0200][1.555s] GC(2) Using 10 workers of 10 for evacuation
[2023-06-04T15:17:33.985+0200][1.557s] GC(2)   Pre Evacuate Collection Set: 0.1ms
[2023-06-04T15:17:33.985+0200][1.557s] GC(2)   Merge Heap Roots: 0.1ms
[2023-06-04T15:17:33.985+0200][1.557s] GC(2)   Evacuate Collection Set: 1.8ms
[2023-06-04T15:17:33.985+0200][1.557s] GC(2)   Post Evacuate Collection Set: 0.3ms
[2023-06-04T15:17:33.985+0200][1.557s] GC(2)   Other: 0.1ms
[2023-06-04T15:17:33.985+0200][1.557s] GC(2) Eden regions: 26->0(267)
[2023-06-04T15:17:33.985+0200][1.558s] GC(2) Survivor regions: 6->12(22)
[2023-06-04T15:17:33.985+0200][1.558s] GC(2) Old regions: 10->10
[2023-06-04T15:17:33.985+0200][1.558s] GC(2) Archive regions: 0->0
[2023-06-04T15:17:33.985+0200][1.558s] GC(2) Humongous regions: 4->4
[2023-06-04T15:17:33.985+0200][1.558s] GC(2) Metaspace: 21087K(21504K)->21087K(21504K) NonClass: 18699K(18944K)->18699K(18944K) Class: 2387K(2560K)->2387K(2560K)
[2023-06-04T15:17:33.985+0200][1.558s] GC(2) Pause Young (Concurrent Start) (Metadata GC Threshold) 45M->24M(512M) 2.701ms
[2023-06-04T15:17:33.985+0200][1.558s] GC(3) Concurrent Mark Cycle
[2023-06-04T15:17:33.985+0200][1.558s] GC(2) User=0.00s Sys=0.00s Real=0.00s
[2023-06-04T15:17:33.985+0200][1.558s] GC(3) Concurrent Scan Root Regions
[2023-06-04T15:17:33.987+0200][1.560s] GC(3) Concurrent Scan Root Regions 2.019ms
[2023-06-04T15:17:33.987+0200][1.560s] GC(3) Concurrent Mark
[2023-06-04T15:17:33.987+0200][1.560s] GC(3) Concurrent Mark From Roots
[2023-06-04T15:17:33.987+0200][1.560s] GC(3) Using 3 workers of 3 for marking
[2023-06-04T15:17:33.992+0200][1.564s] GC(3) Concurrent Mark From Roots 4.750ms
[2023-06-04T15:17:33.992+0200][1.565s] GC(3) Concurrent Preclean
[2023-06-04T15:17:33.992+0200][1.565s] GC(3) Concurrent Preclean 0.029ms
[2023-06-04T15:17:33.992+0200][1.565s] GC(3) Pause Remark
[2023-06-04T15:17:33.993+0200][1.566s] GC(3) Pause Remark 26M->26M(512M) 1.407ms
[2023-06-04T15:17:33.993+0200][1.566s] GC(3) User=0.12s Sys=0.02s Real=0.00s
[2023-06-04T15:17:33.993+0200][1.566s] GC(3) Concurrent Mark 6.408ms
[2023-06-04T15:17:33.993+0200][1.566s] GC(3) Concurrent Rebuild Remembered Sets and Scrub Regions
[2023-06-04T15:17:33.995+0200][1.568s] GC(3) Concurrent Rebuild Remembered Sets and Scrub Regions 2.195ms
[2023-06-04T15:17:33.996+0200][1.568s] GC(3) Pause Cleanup
[2023-06-04T15:17:33.996+0200][1.569s] GC(3) Pause Cleanup 27M->27M(512M) 0.091ms
[2023-06-04T15:17:33.996+0200][1.569s] GC(3) User=0.00s Sys=0.00s Real=0.00s
[2023-06-04T15:17:33.996+0200][1.569s] GC(3) Concurrent Clear Claimed Marks
[2023-06-04T15:17:33.996+0200][1.569s] GC(3) Concurrent Clear Claimed Marks 0.030ms
[2023-06-04T15:17:33.996+0200][1.569s] GC(3) Concurrent Cleanup for Next Mark
[2023-06-04T15:17:33.996+0200][1.569s] GC(3) Concurrent Cleanup for Next Mark 0.328ms
[2023-06-04T15:17:33.996+0200][1.569s] GC(3) Concurrent Mark Cycle 11.333ms
[2023-06-04T15:17:39.438+0200][7.010s] GC(4) Pause Young (Concurrent Start) (Metadata GC Threshold)
[2023-06-04T15:17:39.438+0200][7.010s] GC(4) Using 10 workers of 10 for evacuation
[2023-06-04T15:17:39.442+0200][7.015s] GC(4)   Pre Evacuate Collection Set: 0.1ms
[2023-06-04T15:17:39.443+0200][7.015s] GC(4)   Merge Heap Roots: 0.0ms
[2023-06-04T15:17:39.443+0200][7.015s] GC(4)   Evacuate Collection Set: 4.1ms
[2023-06-04T15:17:39.443+0200][7.015s] GC(4)   Post Evacuate Collection Set: 0.4ms
[2023-06-04T15:17:39.443+0200][7.015s] GC(4)   Other: 0.1ms
[2023-06-04T15:17:39.443+0200][7.015s] GC(4) Eden regions: 80->0(290)
[2023-06-04T15:17:39.443+0200][7.015s] GC(4) Survivor regions: 12->17(34)
[2023-06-04T15:17:39.443+0200][7.015s] GC(4) Old regions: 10->10
[2023-06-04T15:17:39.443+0200][7.015s] GC(4) Archive regions: 0->0
[2023-06-04T15:17:39.443+0200][7.015s] GC(4) Humongous regions: 5->4
[2023-06-04T15:17:39.443+0200][7.015s] GC(4) Metaspace: 35621K(36096K)->35621K(36096K) NonClass: 31480K(31744K)->31480K(31744K) Class: 4140K(4352K)->4140K(4352K)
[2023-06-04T15:17:39.443+0200][7.015s] GC(4) Pause Young (Concurrent Start) (Metadata GC Threshold) 105M->29M(512M) 5.140ms
[2023-06-04T15:17:39.443+0200][7.015s] GC(4) User=0.00s Sys=0.00s Real=0.01s
[2023-06-04T15:17:39.443+0200][7.015s] GC(5) Concurrent Mark Cycle
[2023-06-04T15:17:39.443+0200][7.015s] GC(5) Concurrent Scan Root Regions
[2023-06-04T15:17:39.445+0200][7.018s] GC(5) Concurrent Scan Root Regions 2.465ms
[2023-06-04T15:17:39.445+0200][7.018s] GC(5) Concurrent Mark
[2023-06-04T15:17:39.445+0200][7.018s] GC(5) Concurrent Mark From Roots
[2023-06-04T15:17:39.446+0200][7.018s] GC(5) Using 3 workers of 3 for marking
[2023-06-04T15:17:39.450+0200][7.022s] GC(5) Concurrent Mark From Roots 4.386ms
[2023-06-04T15:17:39.450+0200][7.022s] GC(5) Concurrent Preclean
[2023-06-04T15:17:39.450+0200][7.022s] GC(5) Concurrent Preclean 0.029ms
[2023-06-04T15:17:39.450+0200][7.022s] GC(5) Pause Remark
[2023-06-04T15:17:39.452+0200][7.024s] GC(5) Pause Remark 30M->30M(512M) 1.713ms
[2023-06-04T15:17:39.452+0200][7.024s] GC(5) User=0.00s Sys=0.00s Real=0.00s
[2023-06-04T15:17:39.452+0200][7.024s] GC(5) Concurrent Mark 6.330ms
[2023-06-04T15:17:39.452+0200][7.024s] GC(5) Concurrent Rebuild Remembered Sets and Scrub Regions
[2023-06-04T15:17:39.454+0200][7.026s] GC(5) Concurrent Rebuild Remembered Sets and Scrub Regions 2.008ms
[2023-06-04T15:17:39.454+0200][7.026s] GC(5) Pause Cleanup
[2023-06-04T15:17:39.454+0200][7.026s] GC(5) Pause Cleanup 30M->30M(512M) 0.073ms
[2023-06-04T15:17:39.454+0200][7.026s] GC(5) User=0.00s Sys=0.00s Real=0.00s
[2023-06-04T15:17:39.454+0200][7.026s] GC(5) Concurrent Clear Claimed Marks
[2023-06-04T15:17:39.454+0200][7.027s] GC(5) Concurrent Clear Claimed Marks 0.036ms
[2023-06-04T15:17:39.454+0200][7.027s] GC(5) Concurrent Cleanup for Next Mark
[2023-06-04T15:17:39.454+0200][7.027s] GC(5) Concurrent Cleanup for Next Mark 0.397ms
[2023-06-04T15:17:39.454+0200][7.027s] GC(5) Concurrent Mark Cycle 11.614ms
[2023-06-04T15:21:34.656+0200][242.228s] Heap
[2023-06-04T15:21:34.656+0200][242.228s]  garbage-first heap   total 524288K, used 221639K [0x00000000e0000000, 0x0000000100000000)
[2023-06-04T15:21:34.656+0200][242.228s]   region size 1024K, 186 young (190464K), 17 survivors (17408K)
[2023-06-04T15:21:34.656+0200][242.228s]  Metaspace       used 58690K, committed 59392K, reserved 1114112K
[2023-06-04T15:21:34.656+0200][242.228s]   class space    used 7071K, committed 7360K, reserved 1048576K
