[2023-06-03T19:13:50.546+0200][0.010s] CardTable entry size: 512
[2023-06-03T19:13:50.546+0200][0.011s] Using G1
[2023-06-03T19:13:50.660+0200][0.124s] Version: 20.0.1+9-29 (release)
[2023-06-03T19:13:50.660+0200][0.124s] CPUs: 12 total, 12 available
[2023-06-03T19:13:50.660+0200][0.124s] Memory: 32716M
[2023-06-03T19:13:50.660+0200][0.124s] Large Page Support: Disabled
[2023-06-03T19:13:50.660+0200][0.124s] NUMA Support: Disabled
[2023-06-03T19:13:50.660+0200][0.124s] Compressed Oops: Enabled (32-bit)
[2023-06-03T19:13:50.660+0200][0.124s] Heap Region Size: 1M
[2023-06-03T19:13:50.660+0200][0.124s] Heap Min Capacity: 512M
[2023-06-03T19:13:50.660+0200][0.124s] Heap Initial Capacity: 512M
[2023-06-03T19:13:50.660+0200][0.124s] Heap Max Capacity: 512M
[2023-06-03T19:13:50.660+0200][0.125s] Pre-touch: Enabled
[2023-06-03T19:13:50.660+0200][0.125s] Parallel Workers: 10
[2023-06-03T19:13:50.660+0200][0.125s] Concurrent Workers: 3
[2023-06-03T19:13:50.660+0200][0.125s] Concurrent Refinement Workers: 10
[2023-06-03T19:13:50.660+0200][0.125s] Periodic GC: Disabled
[2023-06-03T19:13:50.661+0200][0.125s] CDS archive(s) mapped at: [0x0000000800000000-0x0000000800c60000-0x0000000800c60000), size 12976128, SharedBaseAddress: 0x0000000800000000, ArchiveRelocationMode: 0.
[2023-06-03T19:13:50.661+0200][0.125s] Compressed class space mapped at: 0x0000000801000000-0x0000000841000000, reserved size: 1073741824
[2023-06-03T19:13:50.661+0200][0.125s] Narrow klass base: 0x0000000800000000, Narrow klass shift: 0, Narrow klass range: 0x100000000
[2023-06-03T19:13:51.284+0200][0.749s] GC(0) Pause Young (Normal) (G1 Evacuation Pause)
[2023-06-03T19:13:51.285+0200][0.750s] GC(0) Using 10 workers of 10 for evacuation
[2023-06-03T19:13:51.289+0200][0.754s] GC(0)   Pre Evacuate Collection Set: 0.1ms
[2023-06-03T19:13:51.289+0200][0.754s] GC(0)   Merge Heap Roots: 0.0ms
[2023-06-03T19:13:51.289+0200][0.754s] GC(0)   Evacuate Collection Set: 3.1ms
[2023-06-03T19:13:51.289+0200][0.754s] GC(0)   Post Evacuate Collection Set: 0.5ms
[2023-06-03T19:13:51.289+0200][0.754s] GC(0)   Other: 0.6ms
[2023-06-03T19:13:51.289+0200][0.754s] GC(0) Eden regions: 29->0(39)
[2023-06-03T19:13:51.289+0200][0.754s] GC(0) Survivor regions: 0->4(4)
[2023-06-03T19:13:51.289+0200][0.754s] GC(0) Old regions: 0->2
[2023-06-03T19:13:51.289+0200][0.754s] GC(0) Archive regions: 0->0
[2023-06-03T19:13:51.289+0200][0.754s] GC(0) Humongous regions: 0->0
[2023-06-03T19:13:51.289+0200][0.754s] GC(0) Metaspace: 10298K(10624K)->10298K(10624K) NonClass: 9101K(9280K)->9101K(9280K) Class: 1197K(1344K)->1197K(1344K)
[2023-06-03T19:13:51.289+0200][0.754s] GC(0) Pause Young (Normal) (G1 Evacuation Pause) 29M->5M(512M) 4.747ms
[2023-06-03T19:13:51.289+0200][0.754s] GC(0) User=0.00s Sys=0.00s Real=0.01s
[2023-06-03T19:13:51.975+0200][1.440s] GC(1) Pause Young (Normal) (G1 Evacuation Pause)
[2023-06-03T19:13:51.975+0200][1.440s] GC(1) Using 10 workers of 10 for evacuation
[2023-06-03T19:13:51.980+0200][1.445s] GC(1)   Pre Evacuate Collection Set: 0.1ms
[2023-06-03T19:13:51.980+0200][1.445s] GC(1)   Merge Heap Roots: 0.0ms
[2023-06-03T19:13:51.980+0200][1.445s] GC(1)   Evacuate Collection Set: 4.1ms
[2023-06-03T19:13:51.980+0200][1.445s] GC(1)   Post Evacuate Collection Set: 0.4ms
[2023-06-03T19:13:51.980+0200][1.445s] GC(1)   Other: 0.1ms
[2023-06-03T19:13:51.980+0200][1.445s] GC(1) Eden regions: 39->0(184)
[2023-06-03T19:13:51.980+0200][1.445s] GC(1) Survivor regions: 4->6(6)
[2023-06-03T19:13:51.980+0200][1.445s] GC(1) Old regions: 2->9
[2023-06-03T19:13:51.980+0200][1.445s] GC(1) Archive regions: 0->0
[2023-06-03T19:13:51.980+0200][1.445s] GC(1) Humongous regions: 4->4
[2023-06-03T19:13:51.980+0200][1.445s] GC(1) Metaspace: 18565K(19008K)->18565K(19008K) NonClass: 16434K(16704K)->16434K(16704K) Class: 2130K(2304K)->2130K(2304K)
[2023-06-03T19:13:51.980+0200][1.445s] GC(1) Pause Young (Normal) (G1 Evacuation Pause) 48M->18M(512M) 4.955ms
[2023-06-03T19:13:51.980+0200][1.445s] GC(1) User=0.16s Sys=0.00s Real=0.01s
[2023-06-03T19:13:52.847+0200][2.312s] GC(2) Pause Young (Concurrent Start) (Metadata GC Threshold)
[2023-06-03T19:13:52.847+0200][2.312s] GC(2) Using 10 workers of 10 for evacuation
[2023-06-03T19:13:52.850+0200][2.315s] GC(2)   Pre Evacuate Collection Set: 0.1ms
[2023-06-03T19:13:52.850+0200][2.315s] GC(2)   Merge Heap Roots: 0.0ms
[2023-06-03T19:13:52.850+0200][2.315s] GC(2)   Evacuate Collection Set: 2.8ms
[2023-06-03T19:13:52.850+0200][2.315s] GC(2)   Post Evacuate Collection Set: 0.4ms
[2023-06-03T19:13:52.850+0200][2.315s] GC(2)   Other: 0.1ms
[2023-06-03T19:13:52.850+0200][2.315s] GC(2) Eden regions: 95->0(140)
[2023-06-03T19:13:52.850+0200][2.315s] GC(2) Survivor regions: 6->21(23)
[2023-06-03T19:13:52.850+0200][2.315s] GC(2) Old regions: 9->9
[2023-06-03T19:13:52.850+0200][2.315s] GC(2) Archive regions: 0->0
[2023-06-03T19:13:52.850+0200][2.315s] GC(2) Humongous regions: 6->5
[2023-06-03T19:13:52.850+0200][2.315s] GC(2) Metaspace: 21075K(21504K)->21075K(21504K) NonClass: 18693K(18944K)->18693K(18944K) Class: 2381K(2560K)->2381K(2560K)
[2023-06-03T19:13:52.850+0200][2.315s] GC(2) Pause Young (Concurrent Start) (Metadata GC Threshold) 115M->34M(512M) 3.743ms
[2023-06-03T19:13:52.850+0200][2.315s] GC(3) Concurrent Mark Cycle
[2023-06-03T19:13:52.850+0200][2.315s] GC(2) User=0.00s Sys=0.00s Real=0.00s
[2023-06-03T19:13:52.850+0200][2.315s] GC(3) Concurrent Scan Root Regions
[2023-06-03T19:13:52.852+0200][2.318s] GC(3) Concurrent Scan Root Regions 2.125ms
[2023-06-03T19:13:52.853+0200][2.318s] GC(3) Concurrent Mark
[2023-06-03T19:13:52.853+0200][2.318s] GC(3) Concurrent Mark From Roots
[2023-06-03T19:13:52.853+0200][2.318s] GC(3) Using 3 workers of 3 for marking
[2023-06-03T19:13:52.856+0200][2.321s] GC(3) Concurrent Mark From Roots 3.723ms
[2023-06-03T19:13:52.856+0200][2.321s] GC(3) Concurrent Preclean
[2023-06-03T19:13:52.856+0200][2.321s] GC(3) Concurrent Preclean 0.038ms
[2023-06-03T19:13:52.856+0200][2.321s] GC(3) Pause Remark
[2023-06-03T19:13:52.858+0200][2.323s] GC(3) Pause Remark 35M->35M(512M) 1.246ms
[2023-06-03T19:13:52.858+0200][2.323s] GC(3) User=0.00s Sys=0.00s Real=0.00s
[2023-06-03T19:13:52.858+0200][2.323s] GC(3) Concurrent Mark 5.179ms
[2023-06-03T19:13:52.858+0200][2.323s] GC(3) Concurrent Rebuild Remembered Sets and Scrub Regions
[2023-06-03T19:13:52.859+0200][2.324s] GC(3) Concurrent Rebuild Remembered Sets and Scrub Regions 1.679ms
[2023-06-03T19:13:52.860+0200][2.325s] GC(3) Pause Cleanup
[2023-06-03T19:13:52.860+0200][2.325s] GC(3) Pause Cleanup 36M->36M(512M) 0.069ms
[2023-06-03T19:13:52.860+0200][2.325s] GC(3) User=0.00s Sys=0.00s Real=0.00s
[2023-06-03T19:13:52.860+0200][2.325s] GC(3) Concurrent Clear Claimed Marks
[2023-06-03T19:13:52.860+0200][2.325s] GC(3) Concurrent Clear Claimed Marks 0.034ms
[2023-06-03T19:13:52.860+0200][2.325s] GC(3) Concurrent Cleanup for Next Mark
[2023-06-03T19:13:52.860+0200][2.325s] GC(3) Concurrent Cleanup for Next Mark 0.351ms
[2023-06-03T19:13:52.860+0200][2.325s] GC(3) Concurrent Mark Cycle 9.784ms
[2023-06-03T19:13:58.445+0200][7.910s] GC(4) Pause Young (Concurrent Start) (Metadata GC Threshold)
[2023-06-03T19:13:58.445+0200][7.910s] GC(4) Using 10 workers of 10 for evacuation
[2023-06-03T19:13:58.450+0200][7.915s] GC(4)   Pre Evacuate Collection Set: 0.1ms
[2023-06-03T19:13:58.450+0200][7.915s] GC(4)   Merge Heap Roots: 0.0ms
[2023-06-03T19:13:58.450+0200][7.915s] GC(4)   Evacuate Collection Set: 4.8ms
[2023-06-03T19:13:58.450+0200][7.915s] GC(4)   Post Evacuate Collection Set: 0.4ms
[2023-06-03T19:13:58.450+0200][7.915s] GC(4)   Other: 0.1ms
[2023-06-03T19:13:58.450+0200][7.915s] GC(4) Eden regions: 107->0(300)
[2023-06-03T19:13:58.450+0200][7.915s] GC(4) Survivor regions: 21->7(18)
[2023-06-03T19:13:58.450+0200][7.915s] GC(4) Old regions: 9->29
[2023-06-03T19:13:58.450+0200][7.915s] GC(4) Archive regions: 0->0
[2023-06-03T19:13:58.450+0200][7.915s] GC(4) Humongous regions: 6->5
[2023-06-03T19:13:58.450+0200][7.915s] GC(4) Metaspace: 35462K(35968K)->35462K(35968K) NonClass: 31354K(31616K)->31354K(31616K) Class: 4107K(4352K)->4107K(4352K)
[2023-06-03T19:13:58.450+0200][7.915s] GC(4) Pause Young (Concurrent Start) (Metadata GC Threshold) 141M->39M(512M) 5.696ms
[2023-06-03T19:13:58.450+0200][7.915s] GC(5) Concurrent Mark Cycle
[2023-06-03T19:13:58.450+0200][7.915s] GC(4) User=0.16s Sys=0.00s Real=0.01s
[2023-06-03T19:13:58.450+0200][7.915s] GC(5) Concurrent Scan Root Regions
[2023-06-03T19:13:58.453+0200][7.918s] GC(5) Concurrent Scan Root Regions 2.390ms
[2023-06-03T19:13:58.453+0200][7.918s] GC(5) Concurrent Mark
[2023-06-03T19:13:58.453+0200][7.918s] GC(5) Concurrent Mark From Roots
[2023-06-03T19:13:58.453+0200][7.918s] GC(5) Using 3 workers of 3 for marking
[2023-06-03T19:13:58.457+0200][7.922s] GC(5) Concurrent Mark From Roots 3.767ms
[2023-06-03T19:13:58.457+0200][7.922s] GC(5) Concurrent Preclean
[2023-06-03T19:13:58.457+0200][7.922s] GC(5) Concurrent Preclean 0.037ms
[2023-06-03T19:13:58.457+0200][7.922s] GC(5) Pause Remark
[2023-06-03T19:13:58.459+0200][7.924s] GC(5) Pause Remark 40M->40M(512M) 1.809ms
[2023-06-03T19:13:58.459+0200][7.924s] GC(5) User=0.00s Sys=0.00s Real=0.00s
[2023-06-03T19:13:58.459+0200][7.924s] GC(5) Concurrent Mark 5.768ms
[2023-06-03T19:13:58.459+0200][7.924s] GC(5) Concurrent Rebuild Remembered Sets and Scrub Regions
[2023-06-03T19:13:58.461+0200][7.926s] GC(5) Concurrent Rebuild Remembered Sets and Scrub Regions 2.444ms
[2023-06-03T19:13:58.461+0200][7.926s] GC(5) Pause Cleanup
[2023-06-03T19:13:58.461+0200][7.926s] GC(5) Pause Cleanup 41M->41M(512M) 0.088ms
[2023-06-03T19:13:58.461+0200][7.926s] GC(5) User=0.00s Sys=0.00s Real=0.00s
[2023-06-03T19:13:58.461+0200][7.926s] GC(5) Concurrent Clear Claimed Marks
[2023-06-03T19:13:58.461+0200][7.926s] GC(5) Concurrent Clear Claimed Marks 0.043ms
[2023-06-03T19:13:58.461+0200][7.926s] GC(5) Concurrent Cleanup for Next Mark
[2023-06-03T19:13:58.462+0200][7.927s] GC(5) Concurrent Cleanup for Next Mark 0.302ms
[2023-06-03T19:13:58.462+0200][7.927s] GC(5) Concurrent Mark Cycle 11.344ms
[2023-06-03T19:24:01.512+0200][610.977s] Heap
[2023-06-03T19:24:01.512+0200][610.977s]  garbage-first heap   total 524288K, used 281649K [0x00000000e0000000, 0x0000000100000000)
[2023-06-03T19:24:01.512+0200][610.977s]   region size 1024K, 232 young (237568K), 7 survivors (7168K)
[2023-06-03T19:24:01.512+0200][610.977s]  Metaspace       used 56258K, committed 56896K, reserved 1114112K
[2023-06-03T19:24:01.512+0200][610.977s]   class space    used 6749K, committed 7040K, reserved 1048576K
